<?xml version="1.0" encoding="utf-8"?>
<TestRun id="579b5350-1e69-466a-a39c-ad88cbc69843" name="El-Ashry@DESKTOP-31QPPF5 2025-12-13 17:21:22" runUser="DESKTOP-31QPPF5\El-Ashry" xmlns="http://microsoft.com/schemas/VisualStudio/TeamTest/2010">
  <Times creation="2025-12-13T17:21:22.2768440+02:00" queuing="2025-12-13T17:21:22.2768442+02:00" start="2025-12-13T17:21:20.7150161+02:00" finish="2025-12-13T17:21:22.3445322+02:00" />
  <TestSettings name="default" id="2f2eb249-8a35-4010-a467-ebde7d220f17">
    <Deployment runDeploymentRoot="El-Ashry_DESKTOP-31QPPF5_2025-12-13_17_21_22" />
  </TestSettings>
  <Results>
    <UnitTestResult executionId="2de265f3-f08d-4ab6-aef4-f40b63687631" testId="5cc869c9-2c79-5b3e-0220-efd1f9a245b6" testName="Tests.BackupManager: tryGetLatestBackup returns None if no backups" computerName="DESKTOP-31QPPF5" duration="00:00:00.0013769" startTime="2025-12-13T17:21:22.2076275+02:00" endTime="2025-12-13T17:21:22.2076909+02:00" testType="13cdc9d9-ddb5-4fa4-a97d-d965ccfc6d4b" outcome="Passed" testListId="8c84fa94-04c1-424b-9868-57a2d4851a1d" relativeResultsDirectory="2de265f3-f08d-4ab6-aef4-f40b63687631" />
    <UnitTestResult executionId="9de7362b-d4de-4d57-8f17-0dc8348d5f09" testId="aea217e5-0f00-b735-cbcf-e26e1a053a0c" testName="Tests.CartJson: loadCartFromJson empty json returns empty cart" computerName="DESKTOP-31QPPF5" duration="00:00:00.0001505" startTime="2025-12-13T17:21:22.1090037+02:00" endTime="2025-12-13T17:21:22.1090574+02:00" testType="13cdc9d9-ddb5-4fa4-a97d-d965ccfc6d4b" outcome="Passed" testListId="8c84fa94-04c1-424b-9868-57a2d4851a1d" relativeResultsDirectory="9de7362b-d4de-4d57-8f17-0dc8348d5f09" />
    <UnitTestResult executionId="1de3b4f4-eb39-4588-9789-c7b5c8709475" testId="b2acef88-6bc0-fc46-e257-63d77df47482" testName="Tests.Catalog: filterByCategory is case-insensitive" computerName="DESKTOP-31QPPF5" duration="00:00:00.0176603" startTime="2025-12-13T17:21:22.0178834+02:00" endTime="2025-12-13T17:21:22.0179456+02:00" testType="13cdc9d9-ddb5-4fa4-a97d-d965ccfc6d4b" outcome="Passed" testListId="8c84fa94-04c1-424b-9868-57a2d4851a1d" relativeResultsDirectory="1de3b4f4-eb39-4588-9789-c7b5c8709475" />
    <UnitTestResult executionId="215a46dc-3ccd-4e7e-9bd4-a815f01c1aed" testId="c1990931-fbb6-1a32-3868-f81e575eeb39" testName="Tests.Catalog: filterByPriceRange returns empty for invalid range" computerName="DESKTOP-31QPPF5" duration="00:00:00.0001922" startTime="2025-12-13T17:21:22.2098255+02:00" endTime="2025-12-13T17:21:22.2098739+02:00" testType="13cdc9d9-ddb5-4fa4-a97d-d965ccfc6d4b" outcome="Passed" testListId="8c84fa94-04c1-424b-9868-57a2d4851a1d" relativeResultsDirectory="215a46dc-3ccd-4e7e-9bd4-a815f01c1aed" />
    <UnitTestResult executionId="599c11fa-7536-400b-b8a1-0fd80858f390" testId="454b066e-b1b7-2ea4-0848-d2ca3c89dd99" testName="Tests.BackupManager: deleteBackup on non-existing file does not crash" computerName="DESKTOP-31QPPF5" duration="00:00:00.0002339" startTime="2025-12-13T17:21:22.2163067+02:00" endTime="2025-12-13T17:21:22.2163553+02:00" testType="13cdc9d9-ddb5-4fa4-a97d-d965ccfc6d4b" outcome="Passed" testListId="8c84fa94-04c1-424b-9868-57a2d4851a1d" relativeResultsDirectory="599c11fa-7536-400b-b8a1-0fd80858f390" />
    <UnitTestResult executionId="64b18671-bec6-44b6-9d35-5d7706c34614" testId="cdff8e37-9ba6-4dba-525e-7f0e61017851" testName="Tests.Cart: updateQuantity removes item if zero" computerName="DESKTOP-31QPPF5" duration="00:00:00.0002858" startTime="2025-12-13T17:21:22.2155207+02:00" endTime="2025-12-13T17:21:22.2155774+02:00" testType="13cdc9d9-ddb5-4fa4-a97d-d965ccfc6d4b" outcome="Passed" testListId="8c84fa94-04c1-424b-9868-57a2d4851a1d" relativeResultsDirectory="64b18671-bec6-44b6-9d35-5d7706c34614" />
    <UnitTestResult executionId="c94a5e10-4326-4163-a7d7-2ca7972e61d3" testId="3d87f6dd-ca5f-4939-9398-746234780a54" testName="Tests.Catalog: findById returns correct product" computerName="DESKTOP-31QPPF5" duration="00:00:00.0023413" startTime="2025-12-13T17:21:22.1948449+02:00" endTime="2025-12-13T17:21:22.1949692+02:00" testType="13cdc9d9-ddb5-4fa4-a97d-d965ccfc6d4b" outcome="Passed" testListId="8c84fa94-04c1-424b-9868-57a2d4851a1d" relativeResultsDirectory="c94a5e10-4326-4163-a7d7-2ca7972e61d3" />
    <UnitTestResult executionId="d6596a6a-65f5-4bee-9caa-f32ddfe68e85" testId="0b81e5e7-1c4f-e092-62f1-ed50b70d71a8" testName="Tests.Cart: addItem increases quantity" computerName="DESKTOP-31QPPF5" duration="00:00:00.0003110" startTime="2025-12-13T17:21:22.1094087+02:00" endTime="2025-12-13T17:21:22.1094623+02:00" testType="13cdc9d9-ddb5-4fa4-a97d-d965ccfc6d4b" outcome="Passed" testListId="8c84fa94-04c1-424b-9868-57a2d4851a1d" relativeResultsDirectory="d6596a6a-65f5-4bee-9caa-f32ddfe68e85" />
    <UnitTestResult executionId="d57538ad-24c8-49bd-85cb-fbdfc69a0ee6" testId="a25125d9-0592-afab-15ea-1dda155ed196" testName="Tests.CartJson: save and load cart from file" computerName="DESKTOP-31QPPF5" duration="00:00:00.0930414" startTime="2025-12-13T17:21:22.0190069+02:00" endTime="2025-12-13T17:21:22.1053621+02:00" testType="13cdc9d9-ddb5-4fa4-a97d-d965ccfc6d4b" outcome="Passed" testListId="8c84fa94-04c1-424b-9868-57a2d4851a1d" relativeResultsDirectory="d57538ad-24c8-49bd-85cb-fbdfc69a0ee6" />
    <UnitTestResult executionId="d66362cd-0876-4557-9e94-29781f22961a" testId="ff540e21-c664-4ec7-7243-0d2ab39dd863" testName="Tests.Cart: adding non-existing product does nothing" computerName="DESKTOP-31QPPF5" duration="00:00:00.0002608" startTime="2025-12-13T17:21:22.2173852+02:00" endTime="2025-12-13T17:21:22.2174297+02:00" testType="13cdc9d9-ddb5-4fa4-a97d-d965ccfc6d4b" outcome="Passed" testListId="8c84fa94-04c1-424b-9868-57a2d4851a1d" relativeResultsDirectory="d66362cd-0876-4557-9e94-29781f22961a" />
    <UnitTestResult executionId="b7dc43c9-5c7f-4801-922f-4bbca0521d01" testId="21850389-0714-4f7b-970a-fb310b7f49b9" testName="Tests.CartJson: loadCartFromJson invalid json returns empty cart" computerName="DESKTOP-31QPPF5" duration="00:00:00.0014776" startTime="2025-12-13T17:21:22.2026401+02:00" endTime="2025-12-13T17:21:22.2027289+02:00" testType="13cdc9d9-ddb5-4fa4-a97d-d965ccfc6d4b" outcome="Passed" testListId="8c84fa94-04c1-424b-9868-57a2d4851a1d" relativeResultsDirectory="b7dc43c9-5c7f-4801-922f-4bbca0521d01" />
    <UnitTestResult executionId="30f44cc1-fb78-4598-925b-911df39545ab" testId="dc87d56f-1bd4-d578-d194-aec36a6486aa" testName="Tests.PriceCalculator: calculateCheckoutTotal with zero discount" computerName="DESKTOP-31QPPF5" duration="00:00:00.0011248" startTime="2025-12-13T17:21:22.2034934+02:00" endTime="2025-12-13T17:21:22.2035424+02:00" testType="13cdc9d9-ddb5-4fa4-a97d-d965ccfc6d4b" outcome="Passed" testListId="8c84fa94-04c1-424b-9868-57a2d4851a1d" relativeResultsDirectory="30f44cc1-fb78-4598-925b-911df39545ab" />
    <UnitTestResult executionId="4c2ffbc2-d869-42ad-89cb-8d840a81cf8a" testId="7127e85e-4db6-c2fe-d678-b2ac3e27096d" testName="Tests.Cart: removeFromCart non-existing product does nothing" computerName="DESKTOP-31QPPF5" duration="00:00:00.0001091" startTime="2025-12-13T17:21:22.2166637+02:00" endTime="2025-12-13T17:21:22.2167091+02:00" testType="13cdc9d9-ddb5-4fa4-a97d-d965ccfc6d4b" outcome="Passed" testListId="8c84fa94-04c1-424b-9868-57a2d4851a1d" relativeResultsDirectory="4c2ffbc2-d869-42ad-89cb-8d840a81cf8a" />
    <UnitTestResult executionId="d0bb67b9-17ad-4896-a52a-ccf992baf848" testId="e622ea64-f2ce-8651-5595-e114842df35c" testName="Tests.Cart: adding zero or negative quantity does nothing" computerName="DESKTOP-31QPPF5" duration="00:00:00.0006914" startTime="2025-12-13T17:21:22.2090958+02:00" endTime="2025-12-13T17:21:22.2091391+02:00" testType="13cdc9d9-ddb5-4fa4-a97d-d965ccfc6d4b" outcome="Passed" testListId="8c84fa94-04c1-424b-9868-57a2d4851a1d" relativeResultsDirectory="d0bb67b9-17ad-4896-a52a-ccf992baf848" />
    <UnitTestResult executionId="7f10d229-d49d-4990-be50-0e76d215d67e" testId="e9fc5045-7a75-bd5b-bfc7-ec96ac61bc45" testName="Tests.Cart: addItem respects large quantities" computerName="DESKTOP-31QPPF5" duration="00:00:00.0002790" startTime="2025-12-13T17:21:22.2170418+02:00" endTime="2025-12-13T17:21:22.2170817+02:00" testType="13cdc9d9-ddb5-4fa4-a97d-d965ccfc6d4b" outcome="Passed" testListId="8c84fa94-04c1-424b-9868-57a2d4851a1d" relativeResultsDirectory="7f10d229-d49d-4990-be50-0e76d215d67e" />
    <UnitTestResult executionId="acbe158b-5105-42db-9068-8d334d787096" testId="9c5d91b9-840b-b762-bda9-9ca55286f3e0" testName="Tests.Catalog: filterByStockAvailability returns correct stock" computerName="DESKTOP-31QPPF5" duration="00:00:00.0010436" startTime="2025-12-13T17:21:22.2017763+02:00" endTime="2025-12-13T17:21:22.2019005+02:00" testType="13cdc9d9-ddb5-4fa4-a97d-d965ccfc6d4b" outcome="Passed" testListId="8c84fa94-04c1-424b-9868-57a2d4851a1d" relativeResultsDirectory="acbe158b-5105-42db-9068-8d334d787096" />
    <UnitTestResult executionId="64e60728-2821-42fe-8ea6-993081489e48" testId="21b01318-07fa-458a-fe83-def8e2be063c" testName="Tests.Pricing: zero discount returns same total" computerName="DESKTOP-31QPPF5" duration="00:00:00.0002530" startTime="2025-12-13T17:21:22.2144412+02:00" endTime="2025-12-13T17:21:22.2147177+02:00" testType="13cdc9d9-ddb5-4fa4-a97d-d965ccfc6d4b" outcome="Passed" testListId="8c84fa94-04c1-424b-9868-57a2d4851a1d" relativeResultsDirectory="64e60728-2821-42fe-8ea6-993081489e48" />
    <UnitTestResult executionId="72ff8ff9-0f66-46a4-b4c1-6946778d7aeb" testId="ea4b5b6c-dc39-44da-062f-76e6c1ee81e1" testName="Tests.Catalog: filterByCategory returns correct category" computerName="DESKTOP-31QPPF5" duration="00:00:00.0011751" startTime="2025-12-13T17:21:22.1076909+02:00" endTime="2025-12-13T17:21:22.1086262+02:00" testType="13cdc9d9-ddb5-4fa4-a97d-d965ccfc6d4b" outcome="Passed" testListId="8c84fa94-04c1-424b-9868-57a2d4851a1d" relativeResultsDirectory="72ff8ff9-0f66-46a4-b4c1-6946778d7aeb" />
    <UnitTestResult executionId="1c9a1ae0-1d92-4b9a-bba4-3d5a92f0f779" testId="4760ac49-eb1f-489f-8fe1-95b57205a54f" testName="Tests.Cart: getTotalPrice calculates correctly" computerName="DESKTOP-31QPPF5" duration="00:00:00.0003274" startTime="2025-12-13T17:21:22.2122245+02:00" endTime="2025-12-13T17:21:22.2123138+02:00" testType="13cdc9d9-ddb5-4fa4-a97d-d965ccfc6d4b" outcome="Passed" testListId="8c84fa94-04c1-424b-9868-57a2d4851a1d" relativeResultsDirectory="1c9a1ae0-1d92-4b9a-bba4-3d5a92f0f779" />
    <UnitTestResult executionId="2ff8dd77-32e9-451c-a75d-f9b9ae87c379" testId="5d4dbc0e-6a78-d68b-0289-6f648193ff57" testName="Tests.Cart: clearCart empties cart" computerName="DESKTOP-31QPPF5" duration="00:00:00.0005941" startTime="2025-12-13T17:21:22.0188337+02:00" endTime="2025-12-13T17:21:22.0188565+02:00" testType="13cdc9d9-ddb5-4fa4-a97d-d965ccfc6d4b" outcome="Passed" testListId="8c84fa94-04c1-424b-9868-57a2d4851a1d" relativeResultsDirectory="2ff8dd77-32e9-451c-a75d-f9b9ae87c379" />
    <UnitTestResult executionId="3280173c-e20f-4ab9-8be0-e158a32843eb" testId="4f8643a4-5255-fc44-ceb5-f500424122f3" testName="Tests.CartJson: cartToJson and loadCartFromJson roundtrip" computerName="DESKTOP-31QPPF5" duration="00:00:00.0005875" startTime="2025-12-13T17:21:22.2159202+02:00" endTime="2025-12-13T17:21:22.2159716+02:00" testType="13cdc9d9-ddb5-4fa4-a97d-d965ccfc6d4b" outcome="Passed" testListId="8c84fa94-04c1-424b-9868-57a2d4851a1d" relativeResultsDirectory="3280173c-e20f-4ab9-8be0-e158a32843eb" />
    <UnitTestResult executionId="417f422f-9c8e-4a22-9e62-92b8bf9c76d4" testId="5bf969e8-eb27-21ed-ce06-c05c195f984b" testName="Tests.Cart: updateQuantity changes quantity" computerName="DESKTOP-31QPPF5" duration="00:00:00.0017871" startTime="2025-12-13T17:21:22.1057421+02:00" endTime="2025-12-13T17:21:22.1072902+02:00" testType="13cdc9d9-ddb5-4fa4-a97d-d965ccfc6d4b" outcome="Passed" testListId="8c84fa94-04c1-424b-9868-57a2d4851a1d" relativeResultsDirectory="417f422f-9c8e-4a22-9e62-92b8bf9c76d4" />
    <UnitTestResult executionId="8e5aea3d-76a5-4649-baeb-f2213d227e97" testId="825b9e57-88ad-6486-e0f5-babed8f2eef7" testName="Tests.Catalog: filterByPriceRange returns correct range" computerName="DESKTOP-31QPPF5" duration="00:00:00.0025458" startTime="2025-12-13T17:21:22.2070671+02:00" endTime="2025-12-13T17:21:22.2071285+02:00" testType="13cdc9d9-ddb5-4fa4-a97d-d965ccfc6d4b" outcome="Passed" testListId="8c84fa94-04c1-424b-9868-57a2d4851a1d" relativeResultsDirectory="8e5aea3d-76a5-4649-baeb-f2213d227e97" />
    <UnitTestResult executionId="21b7fd8c-16bc-40db-a84b-5d6cf9b9bb90" testId="670741c7-a6b9-5554-864f-e959fae133cf" testName="Tests.Catalog: searchByName returns empty for unmatched keyword" computerName="DESKTOP-31QPPF5" duration="00:00:00.0004509" startTime="2025-12-13T17:21:22.2080431+02:00" endTime="2025-12-13T17:21:22.2080916+02:00" testType="13cdc9d9-ddb5-4fa4-a97d-d965ccfc6d4b" outcome="Passed" testListId="8c84fa94-04c1-424b-9868-57a2d4851a1d" relativeResultsDirectory="21b7fd8c-16bc-40db-a84b-5d6cf9b9bb90" />
    <UnitTestResult executionId="83551806-a717-45b9-a557-fcc8e0bb1d10" testId="ea5b7e71-ee7f-437d-f567-75e06e1662a9" testName="Tests.Cart: removeFromCart works" computerName="DESKTOP-31QPPF5" duration="00:00:00.0362698" startTime="2025-12-13T17:21:21.9263187+02:00" endTime="2025-12-13T17:21:21.9923936+02:00" testType="13cdc9d9-ddb5-4fa4-a97d-d965ccfc6d4b" outcome="Passed" testListId="8c84fa94-04c1-424b-9868-57a2d4851a1d" relativeResultsDirectory="83551806-a717-45b9-a557-fcc8e0bb1d10" />
    <UnitTestResult executionId="fbdd8f42-45e0-49d3-aa1a-c5e926075342" testId="c0a55198-7616-af1a-a3b5-0db1cb0f6393" testName="Tests.Catalog: searchByName finds products containing keyword" computerName="DESKTOP-31QPPF5" duration="00:00:00.0015969" startTime="2025-12-13T17:21:22.0186319+02:00" endTime="2025-12-13T17:21:22.0186583+02:00" testType="13cdc9d9-ddb5-4fa4-a97d-d965ccfc6d4b" outcome="Passed" testListId="8c84fa94-04c1-424b-9868-57a2d4851a1d" relativeResultsDirectory="fbdd8f42-45e0-49d3-aa1a-c5e926075342" />
    <UnitTestResult executionId="9fc1c72f-c99f-4b37-9106-3b70a3feeb22" testId="c057c37f-9f2f-f179-a969-27e6e408162f" testName="Tests.Pricing: 100 percent discount returns zero" computerName="DESKTOP-31QPPF5" duration="00:00:00.0012042" startTime="2025-12-13T17:21:22.2038752+02:00" endTime="2025-12-13T17:21:22.2039240+02:00" testType="13cdc9d9-ddb5-4fa4-a97d-d965ccfc6d4b" outcome="Passed" testListId="8c84fa94-04c1-424b-9868-57a2d4851a1d" relativeResultsDirectory="9fc1c72f-c99f-4b37-9106-3b70a3feeb22" />
    <UnitTestResult executionId="58c4098f-9a84-4e36-aa87-83425c774c4f" testId="8a7d9b7d-2a9f-58e8-334a-33fdcb693ea0" testName="Tests.CartJson: cartToJsonPretty returns valid JSON" computerName="DESKTOP-31QPPF5" duration="00:00:00.0338863" startTime="2025-12-13T17:21:22.2031044+02:00" endTime="2025-12-13T17:21:22.2031476+02:00" testType="13cdc9d9-ddb5-4fa4-a97d-d965ccfc6d4b" outcome="Passed" testListId="8c84fa94-04c1-424b-9868-57a2d4851a1d" relativeResultsDirectory="58c4098f-9a84-4e36-aa87-83425c774c4f" />
    <UnitTestResult executionId="eb7bc843-a039-44f7-80c4-d012cff0ef37" testId="b73da5b9-db7b-822a-abce-0a70bdd44323" testName="Tests.PriceCalculator: calculateCheckoutTotal returns correct final" computerName="DESKTOP-31QPPF5" duration="00:00:00.0003554" startTime="2025-12-13T17:21:22.2101787+02:00" endTime="2025-12-13T17:21:22.2102303+02:00" testType="13cdc9d9-ddb5-4fa4-a97d-d965ccfc6d4b" outcome="Passed" testListId="8c84fa94-04c1-424b-9868-57a2d4851a1d" relativeResultsDirectory="eb7bc843-a039-44f7-80c4-d012cff0ef37" />
    <UnitTestResult executionId="ef02dc26-7358-4d1d-b73e-707b83855e1d" testId="2569d79c-01e5-07b9-c16b-82e5aab3c385" testName="Tests.Cart: updateQuantity negative quantity removes item" computerName="DESKTOP-31QPPF5" duration="00:00:00.0002945" startTime="2025-12-13T17:21:22.2094638+02:00" endTime="2025-12-13T17:21:22.2095175+02:00" testType="13cdc9d9-ddb5-4fa4-a97d-d965ccfc6d4b" outcome="Passed" testListId="8c84fa94-04c1-424b-9868-57a2d4851a1d" relativeResultsDirectory="ef02dc26-7358-4d1d-b73e-707b83855e1d" />
    <UnitTestResult executionId="346ad7d2-a36a-491c-809d-314db33bf164" testId="17af4936-0b8b-260e-4e45-02858caaeccb" testName="Tests.Cart: applyPercentageDiscount applies correctly" computerName="DESKTOP-31QPPF5" duration="00:00:00.0044891" startTime="2025-12-13T17:21:22.2022619+02:00" endTime="2025-12-13T17:21:22.2023101+02:00" testType="13cdc9d9-ddb5-4fa4-a97d-d965ccfc6d4b" outcome="Passed" testListId="8c84fa94-04c1-424b-9868-57a2d4851a1d" relativeResultsDirectory="346ad7d2-a36a-491c-809d-314db33bf164" />
    <UnitTestResult executionId="9599b1ce-e7a2-4046-99b5-2169bb41601c" testId="c493c5d5-233a-85c1-9ed9-c916d8b5c33f" testName="Tests.Pricing: multiple sequential discounts calculate correctly" computerName="DESKTOP-31QPPF5" duration="00:00:00.0004471" startTime="2025-12-13T17:21:22.2084095+02:00" endTime="2025-12-13T17:21:22.2084633+02:00" testType="13cdc9d9-ddb5-4fa4-a97d-d965ccfc6d4b" outcome="Passed" testListId="8c84fa94-04c1-424b-9868-57a2d4851a1d" relativeResultsDirectory="9599b1ce-e7a2-4046-99b5-2169bb41601c" />
    <UnitTestResult executionId="05bb62ee-3fca-4f87-af63-392ac4d27f29" testId="63e27b7f-7ea7-bb70-b90b-92b7116440b1" testName="Tests.Catalog: findById returns None for non-existing product" computerName="DESKTOP-31QPPF5" duration="00:00:00.0021204" startTime="2025-12-13T17:21:22.1996295+02:00" endTime="2025-12-13T17:21:22.1997140+02:00" testType="13cdc9d9-ddb5-4fa4-a97d-d965ccfc6d4b" outcome="Passed" testListId="8c84fa94-04c1-424b-9868-57a2d4851a1d" relativeResultsDirectory="05bb62ee-3fca-4f87-af63-392ac4d27f29" />
    <UnitTestResult executionId="f230b9ee-90cc-4c1f-bb9b-646ea567ff53" testId="5d0f5114-91c0-e288-2544-a17ccf066cd2" testName="Tests.BackupManager: create and restore backup works" computerName="DESKTOP-31QPPF5" duration="00:00:00.0146679" startTime="2025-12-13T17:21:22.2087693+02:00" endTime="2025-12-13T17:21:22.2088064+02:00" testType="13cdc9d9-ddb5-4fa4-a97d-d965ccfc6d4b" outcome="Passed" testListId="8c84fa94-04c1-424b-9868-57a2d4851a1d" relativeResultsDirectory="f230b9ee-90cc-4c1f-bb9b-646ea567ff53" />
    <UnitTestResult executionId="fb7d72f6-31b1-4189-ba3b-34aadf4acc30" testId="3b707e39-888a-a282-249d-72b0b6a749f5" testName="Tests.BackupManager: deleteAllBackups on empty folder does not crash" computerName="DESKTOP-31QPPF5" duration="00:00:00.0051644" startTime="2025-12-13T17:21:22.1986799+02:00" endTime="2025-12-13T17:21:22.1987264+02:00" testType="13cdc9d9-ddb5-4fa4-a97d-d965ccfc6d4b" outcome="Passed" testListId="8c84fa94-04c1-424b-9868-57a2d4851a1d" relativeResultsDirectory="fb7d72f6-31b1-4189-ba3b-34aadf4acc30" />
  </Results>
  <TestDefinitions>
    <UnitTest name="Tests.Catalog: filterByStockAvailability returns correct stock" storage="d:\fcaih\level04\semester01\pl3\final\store-simulator-main\v1\storetests\bin\debug\net9.0\storetests.dll" id="9c5d91b9-840b-b762-bda9-9ca55286f3e0">
      <Execution id="acbe158b-5105-42db-9068-8d334d787096" />
      <TestMethod codeBase="D:\FCAIH\Level04\Semester01\PL3\Final\store-simulator-main\V1\StoreTests\bin\Debug\net9.0\StoreTests.dll" adapterTypeName="executor://xunit/VsTestRunner3/netcore/" className="Tests" name="Catalog: filterByStockAvailability returns correct stock" />
    </UnitTest>
    <UnitTest name="Tests.Catalog: findById returns None for non-existing product" storage="d:\fcaih\level04\semester01\pl3\final\store-simulator-main\v1\storetests\bin\debug\net9.0\storetests.dll" id="63e27b7f-7ea7-bb70-b90b-92b7116440b1">
      <Execution id="05bb62ee-3fca-4f87-af63-392ac4d27f29" />
      <TestMethod codeBase="D:\FCAIH\Level04\Semester01\PL3\Final\store-simulator-main\V1\StoreTests\bin\Debug\net9.0\StoreTests.dll" adapterTypeName="executor://xunit/VsTestRunner3/netcore/" className="Tests" name="Catalog: findById returns None for non-existing product" />
    </UnitTest>
    <UnitTest name="Tests.PriceCalculator: calculateCheckoutTotal returns correct final" storage="d:\fcaih\level04\semester01\pl3\final\store-simulator-main\v1\storetests\bin\debug\net9.0\storetests.dll" id="b73da5b9-db7b-822a-abce-0a70bdd44323">
      <Execution id="eb7bc843-a039-44f7-80c4-d012cff0ef37" />
      <TestMethod codeBase="D:\FCAIH\Level04\Semester01\PL3\Final\store-simulator-main\V1\StoreTests\bin\Debug\net9.0\StoreTests.dll" adapterTypeName="executor://xunit/VsTestRunner3/netcore/" className="Tests" name="PriceCalculator: calculateCheckoutTotal returns correct final" />
    </UnitTest>
    <UnitTest name="Tests.Catalog: searchByName finds products containing keyword" storage="d:\fcaih\level04\semester01\pl3\final\store-simulator-main\v1\storetests\bin\debug\net9.0\storetests.dll" id="c0a55198-7616-af1a-a3b5-0db1cb0f6393">
      <Execution id="fbdd8f42-45e0-49d3-aa1a-c5e926075342" />
      <TestMethod codeBase="D:\FCAIH\Level04\Semester01\PL3\Final\store-simulator-main\V1\StoreTests\bin\Debug\net9.0\StoreTests.dll" adapterTypeName="executor://xunit/VsTestRunner3/netcore/" className="Tests" name="Catalog: searchByName finds products containing keyword" />
    </UnitTest>
    <UnitTest name="Tests.Cart: addItem respects large quantities" storage="d:\fcaih\level04\semester01\pl3\final\store-simulator-main\v1\storetests\bin\debug\net9.0\storetests.dll" id="e9fc5045-7a75-bd5b-bfc7-ec96ac61bc45">
      <Execution id="7f10d229-d49d-4990-be50-0e76d215d67e" />
      <TestMethod codeBase="D:\FCAIH\Level04\Semester01\PL3\Final\store-simulator-main\V1\StoreTests\bin\Debug\net9.0\StoreTests.dll" adapterTypeName="executor://xunit/VsTestRunner3/netcore/" className="Tests" name="Cart: addItem respects large quantities" />
    </UnitTest>
    <UnitTest name="Tests.CartJson: cartToJson and loadCartFromJson roundtrip" storage="d:\fcaih\level04\semester01\pl3\final\store-simulator-main\v1\storetests\bin\debug\net9.0\storetests.dll" id="4f8643a4-5255-fc44-ceb5-f500424122f3">
      <Execution id="3280173c-e20f-4ab9-8be0-e158a32843eb" />
      <TestMethod codeBase="D:\FCAIH\Level04\Semester01\PL3\Final\store-simulator-main\V1\StoreTests\bin\Debug\net9.0\StoreTests.dll" adapterTypeName="executor://xunit/VsTestRunner3/netcore/" className="Tests" name="CartJson: cartToJson and loadCartFromJson roundtrip" />
    </UnitTest>
    <UnitTest name="Tests.BackupManager: tryGetLatestBackup returns None if no backups" storage="d:\fcaih\level04\semester01\pl3\final\store-simulator-main\v1\storetests\bin\debug\net9.0\storetests.dll" id="5cc869c9-2c79-5b3e-0220-efd1f9a245b6">
      <Execution id="2de265f3-f08d-4ab6-aef4-f40b63687631" />
      <TestMethod codeBase="D:\FCAIH\Level04\Semester01\PL3\Final\store-simulator-main\V1\StoreTests\bin\Debug\net9.0\StoreTests.dll" adapterTypeName="executor://xunit/VsTestRunner3/netcore/" className="Tests" name="BackupManager: tryGetLatestBackup returns None if no backups" />
    </UnitTest>
    <UnitTest name="Tests.PriceCalculator: calculateCheckoutTotal with zero discount" storage="d:\fcaih\level04\semester01\pl3\final\store-simulator-main\v1\storetests\bin\debug\net9.0\storetests.dll" id="dc87d56f-1bd4-d578-d194-aec36a6486aa">
      <Execution id="30f44cc1-fb78-4598-925b-911df39545ab" />
      <TestMethod codeBase="D:\FCAIH\Level04\Semester01\PL3\Final\store-simulator-main\V1\StoreTests\bin\Debug\net9.0\StoreTests.dll" adapterTypeName="executor://xunit/VsTestRunner3/netcore/" className="Tests" name="PriceCalculator: calculateCheckoutTotal with zero discount" />
    </UnitTest>
    <UnitTest name="Tests.Catalog: filterByPriceRange returns empty for invalid range" storage="d:\fcaih\level04\semester01\pl3\final\store-simulator-main\v1\storetests\bin\debug\net9.0\storetests.dll" id="c1990931-fbb6-1a32-3868-f81e575eeb39">
      <Execution id="215a46dc-3ccd-4e7e-9bd4-a815f01c1aed" />
      <TestMethod codeBase="D:\FCAIH\Level04\Semester01\PL3\Final\store-simulator-main\V1\StoreTests\bin\Debug\net9.0\StoreTests.dll" adapterTypeName="executor://xunit/VsTestRunner3/netcore/" className="Tests" name="Catalog: filterByPriceRange returns empty for invalid range" />
    </UnitTest>
    <UnitTest name="Tests.Cart: removeFromCart works" storage="d:\fcaih\level04\semester01\pl3\final\store-simulator-main\v1\storetests\bin\debug\net9.0\storetests.dll" id="ea5b7e71-ee7f-437d-f567-75e06e1662a9">
      <Execution id="83551806-a717-45b9-a557-fcc8e0bb1d10" />
      <TestMethod codeBase="D:\FCAIH\Level04\Semester01\PL3\Final\store-simulator-main\V1\StoreTests\bin\Debug\net9.0\StoreTests.dll" adapterTypeName="executor://xunit/VsTestRunner3/netcore/" className="Tests" name="Cart: removeFromCart works" />
    </UnitTest>
    <UnitTest name="Tests.Cart: removeFromCart non-existing product does nothing" storage="d:\fcaih\level04\semester01\pl3\final\store-simulator-main\v1\storetests\bin\debug\net9.0\storetests.dll" id="7127e85e-4db6-c2fe-d678-b2ac3e27096d">
      <Execution id="4c2ffbc2-d869-42ad-89cb-8d840a81cf8a" />
      <TestMethod codeBase="D:\FCAIH\Level04\Semester01\PL3\Final\store-simulator-main\V1\StoreTests\bin\Debug\net9.0\StoreTests.dll" adapterTypeName="executor://xunit/VsTestRunner3/netcore/" className="Tests" name="Cart: removeFromCart non-existing product does nothing" />
    </UnitTest>
    <UnitTest name="Tests.Pricing: 100 percent discount returns zero" storage="d:\fcaih\level04\semester01\pl3\final\store-simulator-main\v1\storetests\bin\debug\net9.0\storetests.dll" id="c057c37f-9f2f-f179-a969-27e6e408162f">
      <Execution id="9fc1c72f-c99f-4b37-9106-3b70a3feeb22" />
      <TestMethod codeBase="D:\FCAIH\Level04\Semester01\PL3\Final\store-simulator-main\V1\StoreTests\bin\Debug\net9.0\StoreTests.dll" adapterTypeName="executor://xunit/VsTestRunner3/netcore/" className="Tests" name="Pricing: 100 percent discount returns zero" />
    </UnitTest>
    <UnitTest name="Tests.BackupManager: deleteBackup on non-existing file does not crash" storage="d:\fcaih\level04\semester01\pl3\final\store-simulator-main\v1\storetests\bin\debug\net9.0\storetests.dll" id="454b066e-b1b7-2ea4-0848-d2ca3c89dd99">
      <Execution id="599c11fa-7536-400b-b8a1-0fd80858f390" />
      <TestMethod codeBase="D:\FCAIH\Level04\Semester01\PL3\Final\store-simulator-main\V1\StoreTests\bin\Debug\net9.0\StoreTests.dll" adapterTypeName="executor://xunit/VsTestRunner3/netcore/" className="Tests" name="BackupManager: deleteBackup on non-existing file does not crash" />
    </UnitTest>
    <UnitTest name="Tests.Cart: updateQuantity negative quantity removes item" storage="d:\fcaih\level04\semester01\pl3\final\store-simulator-main\v1\storetests\bin\debug\net9.0\storetests.dll" id="2569d79c-01e5-07b9-c16b-82e5aab3c385">
      <Execution id="ef02dc26-7358-4d1d-b73e-707b83855e1d" />
      <TestMethod codeBase="D:\FCAIH\Level04\Semester01\PL3\Final\store-simulator-main\V1\StoreTests\bin\Debug\net9.0\StoreTests.dll" adapterTypeName="executor://xunit/VsTestRunner3/netcore/" className="Tests" name="Cart: updateQuantity negative quantity removes item" />
    </UnitTest>
    <UnitTest name="Tests.Catalog: filterByPriceRange returns correct range" storage="d:\fcaih\level04\semester01\pl3\final\store-simulator-main\v1\storetests\bin\debug\net9.0\storetests.dll" id="825b9e57-88ad-6486-e0f5-babed8f2eef7">
      <Execution id="8e5aea3d-76a5-4649-baeb-f2213d227e97" />
      <TestMethod codeBase="D:\FCAIH\Level04\Semester01\PL3\Final\store-simulator-main\V1\StoreTests\bin\Debug\net9.0\StoreTests.dll" adapterTypeName="executor://xunit/VsTestRunner3/netcore/" className="Tests" name="Catalog: filterByPriceRange returns correct range" />
    </UnitTest>
    <UnitTest name="Tests.CartJson: cartToJsonPretty returns valid JSON" storage="d:\fcaih\level04\semester01\pl3\final\store-simulator-main\v1\storetests\bin\debug\net9.0\storetests.dll" id="8a7d9b7d-2a9f-58e8-334a-33fdcb693ea0">
      <Execution id="58c4098f-9a84-4e36-aa87-83425c774c4f" />
      <TestMethod codeBase="D:\FCAIH\Level04\Semester01\PL3\Final\store-simulator-main\V1\StoreTests\bin\Debug\net9.0\StoreTests.dll" adapterTypeName="executor://xunit/VsTestRunner3/netcore/" className="Tests" name="CartJson: cartToJsonPretty returns valid JSON" />
    </UnitTest>
    <UnitTest name="Tests.Catalog: filterByCategory is case-insensitive" storage="d:\fcaih\level04\semester01\pl3\final\store-simulator-main\v1\storetests\bin\debug\net9.0\storetests.dll" id="b2acef88-6bc0-fc46-e257-63d77df47482">
      <Execution id="1de3b4f4-eb39-4588-9789-c7b5c8709475" />
      <TestMethod codeBase="D:\FCAIH\Level04\Semester01\PL3\Final\store-simulator-main\V1\StoreTests\bin\Debug\net9.0\StoreTests.dll" adapterTypeName="executor://xunit/VsTestRunner3/netcore/" className="Tests" name="Catalog: filterByCategory is case-insensitive" />
    </UnitTest>
    <UnitTest name="Tests.CartJson: loadCartFromJson invalid json returns empty cart" storage="d:\fcaih\level04\semester01\pl3\final\store-simulator-main\v1\storetests\bin\debug\net9.0\storetests.dll" id="21850389-0714-4f7b-970a-fb310b7f49b9">
      <Execution id="b7dc43c9-5c7f-4801-922f-4bbca0521d01" />
      <TestMethod codeBase="D:\FCAIH\Level04\Semester01\PL3\Final\store-simulator-main\V1\StoreTests\bin\Debug\net9.0\StoreTests.dll" adapterTypeName="executor://xunit/VsTestRunner3/netcore/" className="Tests" name="CartJson: loadCartFromJson invalid json returns empty cart" />
    </UnitTest>
    <UnitTest name="Tests.Cart: updateQuantity removes item if zero" storage="d:\fcaih\level04\semester01\pl3\final\store-simulator-main\v1\storetests\bin\debug\net9.0\storetests.dll" id="cdff8e37-9ba6-4dba-525e-7f0e61017851">
      <Execution id="64b18671-bec6-44b6-9d35-5d7706c34614" />
      <TestMethod codeBase="D:\FCAIH\Level04\Semester01\PL3\Final\store-simulator-main\V1\StoreTests\bin\Debug\net9.0\StoreTests.dll" adapterTypeName="executor://xunit/VsTestRunner3/netcore/" className="Tests" name="Cart: updateQuantity removes item if zero" />
    </UnitTest>
    <UnitTest name="Tests.BackupManager: deleteAllBackups on empty folder does not crash" storage="d:\fcaih\level04\semester01\pl3\final\store-simulator-main\v1\storetests\bin\debug\net9.0\storetests.dll" id="3b707e39-888a-a282-249d-72b0b6a749f5">
      <Execution id="fb7d72f6-31b1-4189-ba3b-34aadf4acc30" />
      <TestMethod codeBase="D:\FCAIH\Level04\Semester01\PL3\Final\store-simulator-main\V1\StoreTests\bin\Debug\net9.0\StoreTests.dll" adapterTypeName="executor://xunit/VsTestRunner3/netcore/" className="Tests" name="BackupManager: deleteAllBackups on empty folder does not crash" />
    </UnitTest>
    <UnitTest name="Tests.Catalog: findById returns correct product" storage="d:\fcaih\level04\semester01\pl3\final\store-simulator-main\v1\storetests\bin\debug\net9.0\storetests.dll" id="3d87f6dd-ca5f-4939-9398-746234780a54">
      <Execution id="c94a5e10-4326-4163-a7d7-2ca7972e61d3" />
      <TestMethod codeBase="D:\FCAIH\Level04\Semester01\PL3\Final\store-simulator-main\V1\StoreTests\bin\Debug\net9.0\StoreTests.dll" adapterTypeName="executor://xunit/VsTestRunner3/netcore/" className="Tests" name="Catalog: findById returns correct product" />
    </UnitTest>
    <UnitTest name="Tests.BackupManager: create and restore backup works" storage="d:\fcaih\level04\semester01\pl3\final\store-simulator-main\v1\storetests\bin\debug\net9.0\storetests.dll" id="5d0f5114-91c0-e288-2544-a17ccf066cd2">
      <Execution id="f230b9ee-90cc-4c1f-bb9b-646ea567ff53" />
      <TestMethod codeBase="D:\FCAIH\Level04\Semester01\PL3\Final\store-simulator-main\V1\StoreTests\bin\Debug\net9.0\StoreTests.dll" adapterTypeName="executor://xunit/VsTestRunner3/netcore/" className="Tests" name="BackupManager: create and restore backup works" />
    </UnitTest>
    <UnitTest name="Tests.CartJson: save and load cart from file" storage="d:\fcaih\level04\semester01\pl3\final\store-simulator-main\v1\storetests\bin\debug\net9.0\storetests.dll" id="a25125d9-0592-afab-15ea-1dda155ed196">
      <Execution id="d57538ad-24c8-49bd-85cb-fbdfc69a0ee6" />
      <TestMethod codeBase="D:\FCAIH\Level04\Semester01\PL3\Final\store-simulator-main\V1\StoreTests\bin\Debug\net9.0\StoreTests.dll" adapterTypeName="executor://xunit/VsTestRunner3/netcore/" className="Tests" name="CartJson: save and load cart from file" />
    </UnitTest>
    <UnitTest name="Tests.Cart: clearCart empties cart" storage="d:\fcaih\level04\semester01\pl3\final\store-simulator-main\v1\storetests\bin\debug\net9.0\storetests.dll" id="5d4dbc0e-6a78-d68b-0289-6f648193ff57">
      <Execution id="2ff8dd77-32e9-451c-a75d-f9b9ae87c379" />
      <TestMethod codeBase="D:\FCAIH\Level04\Semester01\PL3\Final\store-simulator-main\V1\StoreTests\bin\Debug\net9.0\StoreTests.dll" adapterTypeName="executor://xunit/VsTestRunner3/netcore/" className="Tests" name="Cart: clearCart empties cart" />
    </UnitTest>
    <UnitTest name="Tests.Pricing: zero discount returns same total" storage="d:\fcaih\level04\semester01\pl3\final\store-simulator-main\v1\storetests\bin\debug\net9.0\storetests.dll" id="21b01318-07fa-458a-fe83-def8e2be063c">
      <Execution id="64e60728-2821-42fe-8ea6-993081489e48" />
      <TestMethod codeBase="D:\FCAIH\Level04\Semester01\PL3\Final\store-simulator-main\V1\StoreTests\bin\Debug\net9.0\StoreTests.dll" adapterTypeName="executor://xunit/VsTestRunner3/netcore/" className="Tests" name="Pricing: zero discount returns same total" />
    </UnitTest>
    <UnitTest name="Tests.Cart: adding zero or negative quantity does nothing" storage="d:\fcaih\level04\semester01\pl3\final\store-simulator-main\v1\storetests\bin\debug\net9.0\storetests.dll" id="e622ea64-f2ce-8651-5595-e114842df35c">
      <Execution id="d0bb67b9-17ad-4896-a52a-ccf992baf848" />
      <TestMethod codeBase="D:\FCAIH\Level04\Semester01\PL3\Final\store-simulator-main\V1\StoreTests\bin\Debug\net9.0\StoreTests.dll" adapterTypeName="executor://xunit/VsTestRunner3/netcore/" className="Tests" name="Cart: adding zero or negative quantity does nothing" />
    </UnitTest>
    <UnitTest name="Tests.Catalog: filterByCategory returns correct category" storage="d:\fcaih\level04\semester01\pl3\final\store-simulator-main\v1\storetests\bin\debug\net9.0\storetests.dll" id="ea4b5b6c-dc39-44da-062f-76e6c1ee81e1">
      <Execution id="72ff8ff9-0f66-46a4-b4c1-6946778d7aeb" />
      <TestMethod codeBase="D:\FCAIH\Level04\Semester01\PL3\Final\store-simulator-main\V1\StoreTests\bin\Debug\net9.0\StoreTests.dll" adapterTypeName="executor://xunit/VsTestRunner3/netcore/" className="Tests" name="Catalog: filterByCategory returns correct category" />
    </UnitTest>
    <UnitTest name="Tests.Catalog: searchByName returns empty for unmatched keyword" storage="d:\fcaih\level04\semester01\pl3\final\store-simulator-main\v1\storetests\bin\debug\net9.0\storetests.dll" id="670741c7-a6b9-5554-864f-e959fae133cf">
      <Execution id="21b7fd8c-16bc-40db-a84b-5d6cf9b9bb90" />
      <TestMethod codeBase="D:\FCAIH\Level04\Semester01\PL3\Final\store-simulator-main\V1\StoreTests\bin\Debug\net9.0\StoreTests.dll" adapterTypeName="executor://xunit/VsTestRunner3/netcore/" className="Tests" name="Catalog: searchByName returns empty for unmatched keyword" />
    </UnitTest>
    <UnitTest name="Tests.Cart: adding non-existing product does nothing" storage="d:\fcaih\level04\semester01\pl3\final\store-simulator-main\v1\storetests\bin\debug\net9.0\storetests.dll" id="ff540e21-c664-4ec7-7243-0d2ab39dd863">
      <Execution id="d66362cd-0876-4557-9e94-29781f22961a" />
      <TestMethod codeBase="D:\FCAIH\Level04\Semester01\PL3\Final\store-simulator-main\V1\StoreTests\bin\Debug\net9.0\StoreTests.dll" adapterTypeName="executor://xunit/VsTestRunner3/netcore/" className="Tests" name="Cart: adding non-existing product does nothing" />
    </UnitTest>
    <UnitTest name="Tests.CartJson: loadCartFromJson empty json returns empty cart" storage="d:\fcaih\level04\semester01\pl3\final\store-simulator-main\v1\storetests\bin\debug\net9.0\storetests.dll" id="aea217e5-0f00-b735-cbcf-e26e1a053a0c">
      <Execution id="9de7362b-d4de-4d57-8f17-0dc8348d5f09" />
      <TestMethod codeBase="D:\FCAIH\Level04\Semester01\PL3\Final\store-simulator-main\V1\StoreTests\bin\Debug\net9.0\StoreTests.dll" adapterTypeName="executor://xunit/VsTestRunner3/netcore/" className="Tests" name="CartJson: loadCartFromJson empty json returns empty cart" />
    </UnitTest>
    <UnitTest name="Tests.Cart: updateQuantity changes quantity" storage="d:\fcaih\level04\semester01\pl3\final\store-simulator-main\v1\storetests\bin\debug\net9.0\storetests.dll" id="5bf969e8-eb27-21ed-ce06-c05c195f984b">
      <Execution id="417f422f-9c8e-4a22-9e62-92b8bf9c76d4" />
      <TestMethod codeBase="D:\FCAIH\Level04\Semester01\PL3\Final\store-simulator-main\V1\StoreTests\bin\Debug\net9.0\StoreTests.dll" adapterTypeName="executor://xunit/VsTestRunner3/netcore/" className="Tests" name="Cart: updateQuantity changes quantity" />
    </UnitTest>
    <UnitTest name="Tests.Pricing: multiple sequential discounts calculate correctly" storage="d:\fcaih\level04\semester01\pl3\final\store-simulator-main\v1\storetests\bin\debug\net9.0\storetests.dll" id="c493c5d5-233a-85c1-9ed9-c916d8b5c33f">
      <Execution id="9599b1ce-e7a2-4046-99b5-2169bb41601c" />
      <TestMethod codeBase="D:\FCAIH\Level04\Semester01\PL3\Final\store-simulator-main\V1\StoreTests\bin\Debug\net9.0\StoreTests.dll" adapterTypeName="executor://xunit/VsTestRunner3/netcore/" className="Tests" name="Pricing: multiple sequential discounts calculate correctly" />
    </UnitTest>
    <UnitTest name="Tests.Cart: addItem increases quantity" storage="d:\fcaih\level04\semester01\pl3\final\store-simulator-main\v1\storetests\bin\debug\net9.0\storetests.dll" id="0b81e5e7-1c4f-e092-62f1-ed50b70d71a8">
      <Execution id="d6596a6a-65f5-4bee-9caa-f32ddfe68e85" />
      <TestMethod codeBase="D:\FCAIH\Level04\Semester01\PL3\Final\store-simulator-main\V1\StoreTests\bin\Debug\net9.0\StoreTests.dll" adapterTypeName="executor://xunit/VsTestRunner3/netcore/" className="Tests" name="Cart: addItem increases quantity" />
    </UnitTest>
    <UnitTest name="Tests.Cart: applyPercentageDiscount applies correctly" storage="d:\fcaih\level04\semester01\pl3\final\store-simulator-main\v1\storetests\bin\debug\net9.0\storetests.dll" id="17af4936-0b8b-260e-4e45-02858caaeccb">
      <Execution id="346ad7d2-a36a-491c-809d-314db33bf164" />
      <TestMethod codeBase="D:\FCAIH\Level04\Semester01\PL3\Final\store-simulator-main\V1\StoreTests\bin\Debug\net9.0\StoreTests.dll" adapterTypeName="executor://xunit/VsTestRunner3/netcore/" className="Tests" name="Cart: applyPercentageDiscount applies correctly" />
    </UnitTest>
    <UnitTest name="Tests.Cart: getTotalPrice calculates correctly" storage="d:\fcaih\level04\semester01\pl3\final\store-simulator-main\v1\storetests\bin\debug\net9.0\storetests.dll" id="4760ac49-eb1f-489f-8fe1-95b57205a54f">
      <Execution id="1c9a1ae0-1d92-4b9a-bba4-3d5a92f0f779" />
      <TestMethod codeBase="D:\FCAIH\Level04\Semester01\PL3\Final\store-simulator-main\V1\StoreTests\bin\Debug\net9.0\StoreTests.dll" adapterTypeName="executor://xunit/VsTestRunner3/netcore/" className="Tests" name="Cart: getTotalPrice calculates correctly" />
    </UnitTest>
  </TestDefinitions>
  <TestEntries>
    <TestEntry testId="5cc869c9-2c79-5b3e-0220-efd1f9a245b6" executionId="2de265f3-f08d-4ab6-aef4-f40b63687631" testListId="8c84fa94-04c1-424b-9868-57a2d4851a1d" />
    <TestEntry testId="aea217e5-0f00-b735-cbcf-e26e1a053a0c" executionId="9de7362b-d4de-4d57-8f17-0dc8348d5f09" testListId="8c84fa94-04c1-424b-9868-57a2d4851a1d" />
    <TestEntry testId="b2acef88-6bc0-fc46-e257-63d77df47482" executionId="1de3b4f4-eb39-4588-9789-c7b5c8709475" testListId="8c84fa94-04c1-424b-9868-57a2d4851a1d" />
    <TestEntry testId="c1990931-fbb6-1a32-3868-f81e575eeb39" executionId="215a46dc-3ccd-4e7e-9bd4-a815f01c1aed" testListId="8c84fa94-04c1-424b-9868-57a2d4851a1d" />
    <TestEntry testId="454b066e-b1b7-2ea4-0848-d2ca3c89dd99" executionId="599c11fa-7536-400b-b8a1-0fd80858f390" testListId="8c84fa94-04c1-424b-9868-57a2d4851a1d" />
    <TestEntry testId="cdff8e37-9ba6-4dba-525e-7f0e61017851" executionId="64b18671-bec6-44b6-9d35-5d7706c34614" testListId="8c84fa94-04c1-424b-9868-57a2d4851a1d" />
    <TestEntry testId="3d87f6dd-ca5f-4939-9398-746234780a54" executionId="c94a5e10-4326-4163-a7d7-2ca7972e61d3" testListId="8c84fa94-04c1-424b-9868-57a2d4851a1d" />
    <TestEntry testId="0b81e5e7-1c4f-e092-62f1-ed50b70d71a8" executionId="d6596a6a-65f5-4bee-9caa-f32ddfe68e85" testListId="8c84fa94-04c1-424b-9868-57a2d4851a1d" />
    <TestEntry testId="a25125d9-0592-afab-15ea-1dda155ed196" executionId="d57538ad-24c8-49bd-85cb-fbdfc69a0ee6" testListId="8c84fa94-04c1-424b-9868-57a2d4851a1d" />
    <TestEntry testId="ff540e21-c664-4ec7-7243-0d2ab39dd863" executionId="d66362cd-0876-4557-9e94-29781f22961a" testListId="8c84fa94-04c1-424b-9868-57a2d4851a1d" />
    <TestEntry testId="21850389-0714-4f7b-970a-fb310b7f49b9" executionId="b7dc43c9-5c7f-4801-922f-4bbca0521d01" testListId="8c84fa94-04c1-424b-9868-57a2d4851a1d" />
    <TestEntry testId="dc87d56f-1bd4-d578-d194-aec36a6486aa" executionId="30f44cc1-fb78-4598-925b-911df39545ab" testListId="8c84fa94-04c1-424b-9868-57a2d4851a1d" />
    <TestEntry testId="7127e85e-4db6-c2fe-d678-b2ac3e27096d" executionId="4c2ffbc2-d869-42ad-89cb-8d840a81cf8a" testListId="8c84fa94-04c1-424b-9868-57a2d4851a1d" />
    <TestEntry testId="e622ea64-f2ce-8651-5595-e114842df35c" executionId="d0bb67b9-17ad-4896-a52a-ccf992baf848" testListId="8c84fa94-04c1-424b-9868-57a2d4851a1d" />
    <TestEntry testId="e9fc5045-7a75-bd5b-bfc7-ec96ac61bc45" executionId="7f10d229-d49d-4990-be50-0e76d215d67e" testListId="8c84fa94-04c1-424b-9868-57a2d4851a1d" />
    <TestEntry testId="9c5d91b9-840b-b762-bda9-9ca55286f3e0" executionId="acbe158b-5105-42db-9068-8d334d787096" testListId="8c84fa94-04c1-424b-9868-57a2d4851a1d" />
    <TestEntry testId="21b01318-07fa-458a-fe83-def8e2be063c" executionId="64e60728-2821-42fe-8ea6-993081489e48" testListId="8c84fa94-04c1-424b-9868-57a2d4851a1d" />
    <TestEntry testId="ea4b5b6c-dc39-44da-062f-76e6c1ee81e1" executionId="72ff8ff9-0f66-46a4-b4c1-6946778d7aeb" testListId="8c84fa94-04c1-424b-9868-57a2d4851a1d" />
    <TestEntry testId="4760ac49-eb1f-489f-8fe1-95b57205a54f" executionId="1c9a1ae0-1d92-4b9a-bba4-3d5a92f0f779" testListId="8c84fa94-04c1-424b-9868-57a2d4851a1d" />
    <TestEntry testId="5d4dbc0e-6a78-d68b-0289-6f648193ff57" executionId="2ff8dd77-32e9-451c-a75d-f9b9ae87c379" testListId="8c84fa94-04c1-424b-9868-57a2d4851a1d" />
    <TestEntry testId="4f8643a4-5255-fc44-ceb5-f500424122f3" executionId="3280173c-e20f-4ab9-8be0-e158a32843eb" testListId="8c84fa94-04c1-424b-9868-57a2d4851a1d" />
    <TestEntry testId="5bf969e8-eb27-21ed-ce06-c05c195f984b" executionId="417f422f-9c8e-4a22-9e62-92b8bf9c76d4" testListId="8c84fa94-04c1-424b-9868-57a2d4851a1d" />
    <TestEntry testId="825b9e57-88ad-6486-e0f5-babed8f2eef7" executionId="8e5aea3d-76a5-4649-baeb-f2213d227e97" testListId="8c84fa94-04c1-424b-9868-57a2d4851a1d" />
    <TestEntry testId="670741c7-a6b9-5554-864f-e959fae133cf" executionId="21b7fd8c-16bc-40db-a84b-5d6cf9b9bb90" testListId="8c84fa94-04c1-424b-9868-57a2d4851a1d" />
    <TestEntry testId="ea5b7e71-ee7f-437d-f567-75e06e1662a9" executionId="83551806-a717-45b9-a557-fcc8e0bb1d10" testListId="8c84fa94-04c1-424b-9868-57a2d4851a1d" />
    <TestEntry testId="c0a55198-7616-af1a-a3b5-0db1cb0f6393" executionId="fbdd8f42-45e0-49d3-aa1a-c5e926075342" testListId="8c84fa94-04c1-424b-9868-57a2d4851a1d" />
    <TestEntry testId="c057c37f-9f2f-f179-a969-27e6e408162f" executionId="9fc1c72f-c99f-4b37-9106-3b70a3feeb22" testListId="8c84fa94-04c1-424b-9868-57a2d4851a1d" />
    <TestEntry testId="8a7d9b7d-2a9f-58e8-334a-33fdcb693ea0" executionId="58c4098f-9a84-4e36-aa87-83425c774c4f" testListId="8c84fa94-04c1-424b-9868-57a2d4851a1d" />
    <TestEntry testId="b73da5b9-db7b-822a-abce-0a70bdd44323" executionId="eb7bc843-a039-44f7-80c4-d012cff0ef37" testListId="8c84fa94-04c1-424b-9868-57a2d4851a1d" />
    <TestEntry testId="2569d79c-01e5-07b9-c16b-82e5aab3c385" executionId="ef02dc26-7358-4d1d-b73e-707b83855e1d" testListId="8c84fa94-04c1-424b-9868-57a2d4851a1d" />
    <TestEntry testId="17af4936-0b8b-260e-4e45-02858caaeccb" executionId="346ad7d2-a36a-491c-809d-314db33bf164" testListId="8c84fa94-04c1-424b-9868-57a2d4851a1d" />
    <TestEntry testId="c493c5d5-233a-85c1-9ed9-c916d8b5c33f" executionId="9599b1ce-e7a2-4046-99b5-2169bb41601c" testListId="8c84fa94-04c1-424b-9868-57a2d4851a1d" />
    <TestEntry testId="63e27b7f-7ea7-bb70-b90b-92b7116440b1" executionId="05bb62ee-3fca-4f87-af63-392ac4d27f29" testListId="8c84fa94-04c1-424b-9868-57a2d4851a1d" />
    <TestEntry testId="5d0f5114-91c0-e288-2544-a17ccf066cd2" executionId="f230b9ee-90cc-4c1f-bb9b-646ea567ff53" testListId="8c84fa94-04c1-424b-9868-57a2d4851a1d" />
    <TestEntry testId="3b707e39-888a-a282-249d-72b0b6a749f5" executionId="fb7d72f6-31b1-4189-ba3b-34aadf4acc30" testListId="8c84fa94-04c1-424b-9868-57a2d4851a1d" />
  </TestEntries>
  <TestLists>
    <TestList name="Results Not in a List" id="8c84fa94-04c1-424b-9868-57a2d4851a1d" />
    <TestList name="All Loaded Results" id="19431567-8539-422a-85d7-44ee4e166bda" />
  </TestLists>
  <ResultSummary outcome="Completed">
    <Counters total="35" executed="35" passed="35" failed="0" error="0" timeout="0" aborted="0" inconclusive="0" passedButRunAborted="0" notRunnable="0" notExecuted="0" disconnected="0" warning="0" completed="0" inProgress="0" pending="0" />
    <Output>
      <StdOut>[xUnit.net 00:00:00.01] xUnit.net VSTest Adapter v3.1.4+50e68bbb8b (64-bit .NET 9.0.8)&#xD;
[xUnit.net 00:00:00.19]   Discovering: StoreTests&#xD;
[xUnit.net 00:00:00.27]   Discovered:  StoreTests&#xD;
[xUnit.net 00:00:00.33]   Starting:    StoreTests&#xD;
[xUnit.net 00:00:00.69]   Finished:    StoreTests&#xD;
</StdOut>
    </Output>
  </ResultSummary>
</TestRun>