<?xml version="1.0" encoding="utf-8"?>
<TestRun id="23d839cc-8b1b-4f16-adeb-f704c78df006" name="El-Ashry@DESKTOP-31QPPF5 2025-12-13 17:23:29" runUser="DESKTOP-31QPPF5\El-Ashry" xmlns="http://microsoft.com/schemas/VisualStudio/TeamTest/2010">
  <Times creation="2025-12-13T17:23:29.9290549+02:00" queuing="2025-12-13T17:23:29.9290552+02:00" start="2025-12-13T17:23:26.8034610+02:00" finish="2025-12-13T17:23:30.2008146+02:00" />
  <TestSettings name="default" id="2f2e0fbd-c80c-4957-814c-4bc53dbd4b0f">
    <Deployment runDeploymentRoot="El-Ashry_DESKTOP-31QPPF5_2025-12-13_17_23_29" />
  </TestSettings>
  <Results>
    <UnitTestResult executionId="cc5748cf-aece-471b-9088-98f01a8a9406" testId="b2acef88-6bc0-fc46-e257-63d77df47482" testName="Tests.Catalog: filterByCategory is case-insensitive" computerName="DESKTOP-31QPPF5" duration="00:00:00.0302203" startTime="2025-12-13T17:23:29.7231312+02:00" endTime="2025-12-13T17:23:29.7301830+02:00" testType="13cdc9d9-ddb5-4fa4-a97d-d965ccfc6d4b" outcome="Passed" testListId="8c84fa94-04c1-424b-9868-57a2d4851a1d" relativeResultsDirectory="cc5748cf-aece-471b-9088-98f01a8a9406" />
    <UnitTestResult executionId="ca89f5c7-ad75-463d-9a02-221f59d27cea" testId="c057c37f-9f2f-f179-a969-27e6e408162f" testName="Tests.Pricing: 100 percent discount returns zero" computerName="DESKTOP-31QPPF5" duration="00:00:00.0029692" startTime="2025-12-13T17:23:29.9610421+02:00" endTime="2025-12-13T17:23:29.9638637+02:00" testType="13cdc9d9-ddb5-4fa4-a97d-d965ccfc6d4b" outcome="Passed" testListId="8c84fa94-04c1-424b-9868-57a2d4851a1d" relativeResultsDirectory="ca89f5c7-ad75-463d-9a02-221f59d27cea" />
    <UnitTestResult executionId="487d6099-5447-423a-8d91-3d4bc0675414" testId="ea5b7e71-ee7f-437d-f567-75e06e1662a9" testName="Tests.Cart: removeFromCart works" computerName="DESKTOP-31QPPF5" duration="00:00:01.6869064" startTime="2025-12-13T17:23:28.0011959+02:00" endTime="2025-12-13T17:23:29.6996164+02:00" testType="13cdc9d9-ddb5-4fa4-a97d-d965ccfc6d4b" outcome="Passed" testListId="8c84fa94-04c1-424b-9868-57a2d4851a1d" relativeResultsDirectory="487d6099-5447-423a-8d91-3d4bc0675414" />
    <UnitTestResult executionId="99e5986d-a7bb-4d57-b3c5-11eaae5d0a40" testId="3b707e39-888a-a282-249d-72b0b6a749f5" testName="Tests.BackupManager: deleteAllBackups on empty folder does not crash" computerName="DESKTOP-31QPPF5" duration="00:00:00.0020199" startTime="2025-12-13T17:23:29.8973861+02:00" endTime="2025-12-13T17:23:29.8974436+02:00" testType="13cdc9d9-ddb5-4fa4-a97d-d965ccfc6d4b" outcome="Passed" testListId="8c84fa94-04c1-424b-9868-57a2d4851a1d" relativeResultsDirectory="99e5986d-a7bb-4d57-b3c5-11eaae5d0a40" />
    <UnitTestResult executionId="0c2d2e6a-6efb-4160-81c8-b7b67d0a929d" testId="ff540e21-c664-4ec7-7243-0d2ab39dd863" testName="Tests.Cart: adding non-existing product does nothing" computerName="DESKTOP-31QPPF5" duration="00:00:00.0205512" startTime="2025-12-13T17:23:30.0368398+02:00" endTime="2025-12-13T17:23:30.0571011+02:00" testType="13cdc9d9-ddb5-4fa4-a97d-d965ccfc6d4b" outcome="Passed" testListId="8c84fa94-04c1-424b-9868-57a2d4851a1d" relativeResultsDirectory="0c2d2e6a-6efb-4160-81c8-b7b67d0a929d" />
    <UnitTestResult executionId="3f887864-9357-4aef-868f-aca68879b9fd" testId="454b066e-b1b7-2ea4-0848-d2ca3c89dd99" testName="Tests.BackupManager: deleteBackup on non-existing file does not crash" computerName="DESKTOP-31QPPF5" duration="00:00:00.0001759" startTime="2025-12-13T17:23:30.0318430+02:00" endTime="2025-12-13T17:23:30.0318685+02:00" testType="13cdc9d9-ddb5-4fa4-a97d-d965ccfc6d4b" outcome="Passed" testListId="8c84fa94-04c1-424b-9868-57a2d4851a1d" relativeResultsDirectory="3f887864-9357-4aef-868f-aca68879b9fd" />
    <UnitTestResult executionId="c4a22d92-14b2-4a5e-860d-da7d2bde7e2f" testId="670741c7-a6b9-5554-864f-e959fae133cf" testName="Tests.Catalog: searchByName returns empty for unmatched keyword" computerName="DESKTOP-31QPPF5" duration="00:00:00.0073940" startTime="2025-12-13T17:23:29.9690455+02:00" endTime="2025-12-13T17:23:29.9761572+02:00" testType="13cdc9d9-ddb5-4fa4-a97d-d965ccfc6d4b" outcome="Passed" testListId="8c84fa94-04c1-424b-9868-57a2d4851a1d" relativeResultsDirectory="c4a22d92-14b2-4a5e-860d-da7d2bde7e2f" />
    <UnitTestResult executionId="6137400c-37f3-47a2-b7ec-fa9beb82f4ad" testId="aea217e5-0f00-b735-cbcf-e26e1a053a0c" testName="Tests.CartJson: loadCartFromJson empty json returns empty cart" computerName="DESKTOP-31QPPF5" duration="00:00:00.0002885" startTime="2025-12-13T17:23:29.8715039+02:00" endTime="2025-12-13T17:23:29.8715954+02:00" testType="13cdc9d9-ddb5-4fa4-a97d-d965ccfc6d4b" outcome="Passed" testListId="8c84fa94-04c1-424b-9868-57a2d4851a1d" relativeResultsDirectory="6137400c-37f3-47a2-b7ec-fa9beb82f4ad" />
    <UnitTestResult executionId="d6066fc9-7d58-426c-aaa9-140798402eb5" testId="5cc869c9-2c79-5b3e-0220-efd1f9a245b6" testName="Tests.BackupManager: tryGetLatestBackup returns None if no backups" computerName="DESKTOP-31QPPF5" duration="00:00:00.0010949" startTime="2025-12-13T17:23:29.9678846+02:00" endTime="2025-12-13T17:23:29.9687076+02:00" testType="13cdc9d9-ddb5-4fa4-a97d-d965ccfc6d4b" outcome="Passed" testListId="8c84fa94-04c1-424b-9868-57a2d4851a1d" relativeResultsDirectory="d6066fc9-7d58-426c-aaa9-140798402eb5" />
    <UnitTestResult executionId="3e98dc03-d368-4cff-b716-4063b6e29030" testId="4f8643a4-5255-fc44-ceb5-f500424122f3" testName="Tests.CartJson: cartToJson and loadCartFromJson roundtrip" computerName="DESKTOP-31QPPF5" duration="00:00:00.0029324" startTime="2025-12-13T17:23:30.0288512+02:00" endTime="2025-12-13T17:23:30.0316456+02:00" testType="13cdc9d9-ddb5-4fa4-a97d-d965ccfc6d4b" outcome="Passed" testListId="8c84fa94-04c1-424b-9868-57a2d4851a1d" relativeResultsDirectory="3e98dc03-d368-4cff-b716-4063b6e29030" />
    <UnitTestResult executionId="a13ce5be-aa7f-4c7b-8112-8fd6fb4c1abe" testId="3d87f6dd-ca5f-4939-9398-746234780a54" testName="Tests.Catalog: findById returns correct product" computerName="DESKTOP-31QPPF5" duration="00:00:00.0052444" startTime="2025-12-13T17:23:29.8969085+02:00" endTime="2025-12-13T17:23:29.8970076+02:00" testType="13cdc9d9-ddb5-4fa4-a97d-d965ccfc6d4b" outcome="Passed" testListId="8c84fa94-04c1-424b-9868-57a2d4851a1d" relativeResultsDirectory="a13ce5be-aa7f-4c7b-8112-8fd6fb4c1abe" />
    <UnitTestResult executionId="eba6a96f-7b93-48e7-88ea-dc4106e87fb0" testId="c493c5d5-233a-85c1-9ed9-c916d8b5c33f" testName="Tests.Pricing: multiple sequential discounts calculate correctly" computerName="DESKTOP-31QPPF5" duration="00:00:00.0031652" startTime="2025-12-13T17:23:29.9764062+02:00" endTime="2025-12-13T17:23:29.9794182+02:00" testType="13cdc9d9-ddb5-4fa4-a97d-d965ccfc6d4b" outcome="Passed" testListId="8c84fa94-04c1-424b-9868-57a2d4851a1d" relativeResultsDirectory="eba6a96f-7b93-48e7-88ea-dc4106e87fb0" />
    <UnitTestResult executionId="64e5b85a-cb53-4021-a232-73231c1d3528" testId="63e27b7f-7ea7-bb70-b90b-92b7116440b1" testName="Tests.Catalog: findById returns None for non-existing product" computerName="DESKTOP-31QPPF5" duration="00:00:00.0134768" startTime="2025-12-13T17:23:29.8977715+02:00" endTime="2025-12-13T17:23:29.8997688+02:00" testType="13cdc9d9-ddb5-4fa4-a97d-d965ccfc6d4b" outcome="Passed" testListId="8c84fa94-04c1-424b-9868-57a2d4851a1d" relativeResultsDirectory="64e5b85a-cb53-4021-a232-73231c1d3528" />
    <UnitTestResult executionId="f4ba757b-0ec5-48f3-9a6f-152d56bc31ae" testId="e622ea64-f2ce-8651-5595-e114842df35c" testName="Tests.Cart: adding zero or negative quantity does nothing" computerName="DESKTOP-31QPPF5" duration="00:00:00.0071892" startTime="2025-12-13T17:23:29.9906382+02:00" endTime="2025-12-13T17:23:29.9971004+02:00" testType="13cdc9d9-ddb5-4fa4-a97d-d965ccfc6d4b" outcome="Passed" testListId="8c84fa94-04c1-424b-9868-57a2d4851a1d" relativeResultsDirectory="f4ba757b-0ec5-48f3-9a6f-152d56bc31ae" />
    <UnitTestResult executionId="f090ff02-d954-46d2-970c-5c2277aac789" testId="c0a55198-7616-af1a-a3b5-0db1cb0f6393" testName="Tests.Catalog: searchByName finds products containing keyword" computerName="DESKTOP-31QPPF5" duration="00:00:00.0225002" startTime="2025-12-13T17:23:29.7315001+02:00" endTime="2025-12-13T17:23:29.7527318+02:00" testType="13cdc9d9-ddb5-4fa4-a97d-d965ccfc6d4b" outcome="Passed" testListId="8c84fa94-04c1-424b-9868-57a2d4851a1d" relativeResultsDirectory="f090ff02-d954-46d2-970c-5c2277aac789" />
    <UnitTestResult executionId="6c14931b-f52a-410f-ac2f-bf02012182d9" testId="2569d79c-01e5-07b9-c16b-82e5aab3c385" testName="Tests.Cart: updateQuantity negative quantity removes item" computerName="DESKTOP-31QPPF5" duration="00:00:00.0033536" startTime="2025-12-13T17:23:29.9974489+02:00" endTime="2025-12-13T17:23:30.0005423+02:00" testType="13cdc9d9-ddb5-4fa4-a97d-d965ccfc6d4b" outcome="Passed" testListId="8c84fa94-04c1-424b-9868-57a2d4851a1d" relativeResultsDirectory="6c14931b-f52a-410f-ac2f-bf02012182d9" />
    <UnitTestResult executionId="c565aed5-633d-4a30-80c5-c7c10f591741" testId="ea4b5b6c-dc39-44da-062f-76e6c1ee81e1" testName="Tests.Catalog: filterByCategory returns correct category" computerName="DESKTOP-31QPPF5" duration="00:00:00.0040740" startTime="2025-12-13T17:23:29.8671940+02:00" endTime="2025-12-13T17:23:29.8710646+02:00" testType="13cdc9d9-ddb5-4fa4-a97d-d965ccfc6d4b" outcome="Passed" testListId="8c84fa94-04c1-424b-9868-57a2d4851a1d" relativeResultsDirectory="c565aed5-633d-4a30-80c5-c7c10f591741" />
    <UnitTestResult executionId="7a8b8ce7-8ed3-4e82-9d04-764f3164ac98" testId="b73da5b9-db7b-822a-abce-0a70bdd44323" testName="Tests.PriceCalculator: calculateCheckoutTotal returns correct final" computerName="DESKTOP-31QPPF5" duration="00:00:00.0049017" startTime="2025-12-13T17:23:30.0104382+02:00" endTime="2025-12-13T17:23:30.0148617+02:00" testType="13cdc9d9-ddb5-4fa4-a97d-d965ccfc6d4b" outcome="Passed" testListId="8c84fa94-04c1-424b-9868-57a2d4851a1d" relativeResultsDirectory="7a8b8ce7-8ed3-4e82-9d04-764f3164ac98" />
    <UnitTestResult executionId="54044e15-b47b-4ef6-813a-77d3b7adbac5" testId="c1990931-fbb6-1a32-3868-f81e575eeb39" testName="Tests.Catalog: filterByPriceRange returns empty for invalid range" computerName="DESKTOP-31QPPF5" duration="00:00:00.0089652" startTime="2025-12-13T17:23:30.0008570+02:00" endTime="2025-12-13T17:23:30.0098479+02:00" testType="13cdc9d9-ddb5-4fa4-a97d-d965ccfc6d4b" outcome="Passed" testListId="8c84fa94-04c1-424b-9868-57a2d4851a1d" relativeResultsDirectory="54044e15-b47b-4ef6-813a-77d3b7adbac5" />
    <UnitTestResult executionId="c174aca8-f766-4f19-97e8-79a0873c378d" testId="dc87d56f-1bd4-d578-d194-aec36a6486aa" testName="Tests.PriceCalculator: calculateCheckoutTotal with zero discount" computerName="DESKTOP-31QPPF5" duration="00:00:00.0032514" startTime="2025-12-13T17:23:29.9578114+02:00" endTime="2025-12-13T17:23:29.9608170+02:00" testType="13cdc9d9-ddb5-4fa4-a97d-d965ccfc6d4b" outcome="Passed" testListId="8c84fa94-04c1-424b-9868-57a2d4851a1d" relativeResultsDirectory="c174aca8-f766-4f19-97e8-79a0873c378d" />
    <UnitTestResult executionId="149dd7b0-ae82-41c0-9f7b-50fbf127c60c" testId="9c5d91b9-840b-b762-bda9-9ca55286f3e0" testName="Tests.Catalog: filterByStockAvailability returns correct stock" computerName="DESKTOP-31QPPF5" duration="00:00:00.0163414" startTime="2025-12-13T17:23:29.9001818+02:00" endTime="2025-12-13T17:23:29.9162591+02:00" testType="13cdc9d9-ddb5-4fa4-a97d-d965ccfc6d4b" outcome="Passed" testListId="8c84fa94-04c1-424b-9868-57a2d4851a1d" relativeResultsDirectory="149dd7b0-ae82-41c0-9f7b-50fbf127c60c" />
    <UnitTestResult executionId="c371b910-a12f-46c2-97b7-7bb996378e1a" testId="7127e85e-4db6-c2fe-d678-b2ac3e27096d" testName="Tests.Cart: removeFromCart non-existing product does nothing" computerName="DESKTOP-31QPPF5" duration="00:00:00.0000833" startTime="2025-12-13T17:23:30.0320266+02:00" endTime="2025-12-13T17:23:30.0320496+02:00" testType="13cdc9d9-ddb5-4fa4-a97d-d965ccfc6d4b" outcome="Passed" testListId="8c84fa94-04c1-424b-9868-57a2d4851a1d" relativeResultsDirectory="c371b910-a12f-46c2-97b7-7bb996378e1a" />
    <UnitTestResult executionId="34aec8cc-3e33-43c9-8dba-d5880854c680" testId="a25125d9-0592-afab-15ea-1dda155ed196" testName="Tests.CartJson: save and load cart from file" computerName="DESKTOP-31QPPF5" duration="00:00:00.1006003" startTime="2025-12-13T17:23:29.7611966+02:00" endTime="2025-12-13T17:23:29.8617649+02:00" testType="13cdc9d9-ddb5-4fa4-a97d-d965ccfc6d4b" outcome="Passed" testListId="8c84fa94-04c1-424b-9868-57a2d4851a1d" relativeResultsDirectory="34aec8cc-3e33-43c9-8dba-d5880854c680" />
    <UnitTestResult executionId="df3804d6-95e2-462c-aed4-1b18161a68c3" testId="e9fc5045-7a75-bd5b-bfc7-ec96ac61bc45" testName="Tests.Cart: addItem respects large quantities" computerName="DESKTOP-31QPPF5" duration="00:00:00.0041993" startTime="2025-12-13T17:23:30.0322010+02:00" endTime="2025-12-13T17:23:30.0362864+02:00" testType="13cdc9d9-ddb5-4fa4-a97d-d965ccfc6d4b" outcome="Passed" testListId="8c84fa94-04c1-424b-9868-57a2d4851a1d" relativeResultsDirectory="df3804d6-95e2-462c-aed4-1b18161a68c3" />
    <UnitTestResult executionId="0e3a867b-4c3a-4bc6-9211-2d2b5933642e" testId="5d4dbc0e-6a78-d68b-0289-6f648193ff57" testName="Tests.Cart: clearCart empties cart" computerName="DESKTOP-31QPPF5" duration="00:00:00.0079542" startTime="2025-12-13T17:23:29.7534286+02:00" endTime="2025-12-13T17:23:29.7608759+02:00" testType="13cdc9d9-ddb5-4fa4-a97d-d965ccfc6d4b" outcome="Passed" testListId="8c84fa94-04c1-424b-9868-57a2d4851a1d" relativeResultsDirectory="0e3a867b-4c3a-4bc6-9211-2d2b5933642e" />
    <UnitTestResult executionId="0a8186c2-5e6b-410d-9f01-e970e1f9a462" testId="4760ac49-eb1f-489f-8fe1-95b57205a54f" testName="Tests.Cart: getTotalPrice calculates correctly" computerName="DESKTOP-31QPPF5" duration="00:00:00.0072171" startTime="2025-12-13T17:23:30.0164807+02:00" endTime="2025-12-13T17:23:30.0223837+02:00" testType="13cdc9d9-ddb5-4fa4-a97d-d965ccfc6d4b" outcome="Passed" testListId="8c84fa94-04c1-424b-9868-57a2d4851a1d" relativeResultsDirectory="0a8186c2-5e6b-410d-9f01-e970e1f9a462" />
    <UnitTestResult executionId="c3f09e4a-03f8-4ff4-9d52-ae802a7df490" testId="825b9e57-88ad-6486-e0f5-babed8f2eef7" testName="Tests.Catalog: filterByPriceRange returns correct range" computerName="DESKTOP-31QPPF5" duration="00:00:00.0035551" startTime="2025-12-13T17:23:29.9659875+02:00" endTime="2025-12-13T17:23:29.9675186+02:00" testType="13cdc9d9-ddb5-4fa4-a97d-d965ccfc6d4b" outcome="Passed" testListId="8c84fa94-04c1-424b-9868-57a2d4851a1d" relativeResultsDirectory="c3f09e4a-03f8-4ff4-9d52-ae802a7df490" />
    <UnitTestResult executionId="0b21d2d8-ccd9-4f36-bea1-b4b54e01d281" testId="5d0f5114-91c0-e288-2544-a17ccf066cd2" testName="Tests.BackupManager: create and restore backup works" computerName="DESKTOP-31QPPF5" duration="00:00:00.0100135" startTime="2025-12-13T17:23:29.9796795+02:00" endTime="2025-12-13T17:23:29.9902323+02:00" testType="13cdc9d9-ddb5-4fa4-a97d-d965ccfc6d4b" outcome="Passed" testListId="8c84fa94-04c1-424b-9868-57a2d4851a1d" relativeResultsDirectory="0b21d2d8-ccd9-4f36-bea1-b4b54e01d281" />
    <UnitTestResult executionId="fb888fb4-0205-47af-b820-0d553f3244f6" testId="0b81e5e7-1c4f-e092-62f1-ed50b70d71a8" testName="Tests.Cart: addItem increases quantity" computerName="DESKTOP-31QPPF5" duration="00:00:00.0072194" startTime="2025-12-13T17:23:29.8720034+02:00" endTime="2025-12-13T17:23:29.8787677+02:00" testType="13cdc9d9-ddb5-4fa4-a97d-d965ccfc6d4b" outcome="Passed" testListId="8c84fa94-04c1-424b-9868-57a2d4851a1d" relativeResultsDirectory="fb888fb4-0205-47af-b820-0d553f3244f6" />
    <UnitTestResult executionId="84a36a62-48eb-4102-8fad-a36b32a36aa6" testId="21850389-0714-4f7b-970a-fb310b7f49b9" testName="Tests.CartJson: loadCartFromJson invalid json returns empty cart" computerName="DESKTOP-31QPPF5" duration="00:00:00.0015018" startTime="2025-12-13T17:23:29.9275935+02:00" endTime="2025-12-13T17:23:29.9287839+02:00" testType="13cdc9d9-ddb5-4fa4-a97d-d965ccfc6d4b" outcome="Passed" testListId="8c84fa94-04c1-424b-9868-57a2d4851a1d" relativeResultsDirectory="84a36a62-48eb-4102-8fad-a36b32a36aa6" />
    <UnitTestResult executionId="29069e5b-222c-4a19-9884-07a4ecd815d3" testId="17af4936-0b8b-260e-4e45-02858caaeccb" testName="Tests.Cart: applyPercentageDiscount applies correctly" computerName="DESKTOP-31QPPF5" duration="00:00:00.0109060" startTime="2025-12-13T17:23:29.9165961+02:00" endTime="2025-12-13T17:23:29.9272155+02:00" testType="13cdc9d9-ddb5-4fa4-a97d-d965ccfc6d4b" outcome="Passed" testListId="8c84fa94-04c1-424b-9868-57a2d4851a1d" relativeResultsDirectory="29069e5b-222c-4a19-9884-07a4ecd815d3" />
    <UnitTestResult executionId="97019135-8dd7-49fb-bd5f-292975df69a1" testId="21b01318-07fa-458a-fe83-def8e2be063c" testName="Tests.Pricing: zero discount returns same total" computerName="DESKTOP-31QPPF5" duration="00:00:00.0033121" startTime="2025-12-13T17:23:30.0228905+02:00" endTime="2025-12-13T17:23:30.0256528+02:00" testType="13cdc9d9-ddb5-4fa4-a97d-d965ccfc6d4b" outcome="Passed" testListId="8c84fa94-04c1-424b-9868-57a2d4851a1d" relativeResultsDirectory="97019135-8dd7-49fb-bd5f-292975df69a1" />
    <UnitTestResult executionId="e2ca7a7d-0058-4c61-b9ce-99574fa8a5e8" testId="5bf969e8-eb27-21ed-ce06-c05c195f984b" testName="Tests.Cart: updateQuantity changes quantity" computerName="DESKTOP-31QPPF5" duration="00:00:00.0048486" startTime="2025-12-13T17:23:29.8621041+02:00" endTime="2025-12-13T17:23:29.8668730+02:00" testType="13cdc9d9-ddb5-4fa4-a97d-d965ccfc6d4b" outcome="Passed" testListId="8c84fa94-04c1-424b-9868-57a2d4851a1d" relativeResultsDirectory="e2ca7a7d-0058-4c61-b9ce-99574fa8a5e8" />
    <UnitTestResult executionId="855291f7-2448-4727-b917-bb66424c7483" testId="cdff8e37-9ba6-4dba-525e-7f0e61017851" testName="Tests.Cart: updateQuantity removes item if zero" computerName="DESKTOP-31QPPF5" duration="00:00:00.0029228" startTime="2025-12-13T17:23:30.0258758+02:00" endTime="2025-12-13T17:23:30.0286442+02:00" testType="13cdc9d9-ddb5-4fa4-a97d-d965ccfc6d4b" outcome="Passed" testListId="8c84fa94-04c1-424b-9868-57a2d4851a1d" relativeResultsDirectory="855291f7-2448-4727-b917-bb66424c7483" />
    <UnitTestResult executionId="5c9e2e28-388c-479c-8d11-4bf9ba4e65ee" testId="8a7d9b7d-2a9f-58e8-334a-33fdcb693ea0" testName="Tests.CartJson: cartToJsonPretty returns valid JSON" computerName="DESKTOP-31QPPF5" duration="00:00:00.0286064" startTime="2025-12-13T17:23:29.9291427+02:00" endTime="2025-12-13T17:23:29.9575098+02:00" testType="13cdc9d9-ddb5-4fa4-a97d-d965ccfc6d4b" outcome="Passed" testListId="8c84fa94-04c1-424b-9868-57a2d4851a1d" relativeResultsDirectory="5c9e2e28-388c-479c-8d11-4bf9ba4e65ee" />
  </Results>
  <TestDefinitions>
    <UnitTest name="Tests.Catalog: filterByStockAvailability returns correct stock" storage="d:\fcaih\level04\semester01\pl3\final\store-simulator-main\v2\storetests\bin\debug\net9.0\storetests.dll" id="9c5d91b9-840b-b762-bda9-9ca55286f3e0">
      <Execution id="149dd7b0-ae82-41c0-9f7b-50fbf127c60c" />
      <TestMethod codeBase="D:\FCAIH\Level04\Semester01\PL3\Final\store-simulator-main\V2\StoreTests\bin\Debug\net9.0\StoreTests.dll" adapterTypeName="executor://xunit/VsTestRunner3/netcore/" className="Tests" name="Catalog: filterByStockAvailability returns correct stock" />
    </UnitTest>
    <UnitTest name="Tests.Catalog: findById returns None for non-existing product" storage="d:\fcaih\level04\semester01\pl3\final\store-simulator-main\v2\storetests\bin\debug\net9.0\storetests.dll" id="63e27b7f-7ea7-bb70-b90b-92b7116440b1">
      <Execution id="64e5b85a-cb53-4021-a232-73231c1d3528" />
      <TestMethod codeBase="D:\FCAIH\Level04\Semester01\PL3\Final\store-simulator-main\V2\StoreTests\bin\Debug\net9.0\StoreTests.dll" adapterTypeName="executor://xunit/VsTestRunner3/netcore/" className="Tests" name="Catalog: findById returns None for non-existing product" />
    </UnitTest>
    <UnitTest name="Tests.PriceCalculator: calculateCheckoutTotal returns correct final" storage="d:\fcaih\level04\semester01\pl3\final\store-simulator-main\v2\storetests\bin\debug\net9.0\storetests.dll" id="b73da5b9-db7b-822a-abce-0a70bdd44323">
      <Execution id="7a8b8ce7-8ed3-4e82-9d04-764f3164ac98" />
      <TestMethod codeBase="D:\FCAIH\Level04\Semester01\PL3\Final\store-simulator-main\V2\StoreTests\bin\Debug\net9.0\StoreTests.dll" adapterTypeName="executor://xunit/VsTestRunner3/netcore/" className="Tests" name="PriceCalculator: calculateCheckoutTotal returns correct final" />
    </UnitTest>
    <UnitTest name="Tests.Catalog: searchByName finds products containing keyword" storage="d:\fcaih\level04\semester01\pl3\final\store-simulator-main\v2\storetests\bin\debug\net9.0\storetests.dll" id="c0a55198-7616-af1a-a3b5-0db1cb0f6393">
      <Execution id="f090ff02-d954-46d2-970c-5c2277aac789" />
      <TestMethod codeBase="D:\FCAIH\Level04\Semester01\PL3\Final\store-simulator-main\V2\StoreTests\bin\Debug\net9.0\StoreTests.dll" adapterTypeName="executor://xunit/VsTestRunner3/netcore/" className="Tests" name="Catalog: searchByName finds products containing keyword" />
    </UnitTest>
    <UnitTest name="Tests.Cart: addItem respects large quantities" storage="d:\fcaih\level04\semester01\pl3\final\store-simulator-main\v2\storetests\bin\debug\net9.0\storetests.dll" id="e9fc5045-7a75-bd5b-bfc7-ec96ac61bc45">
      <Execution id="df3804d6-95e2-462c-aed4-1b18161a68c3" />
      <TestMethod codeBase="D:\FCAIH\Level04\Semester01\PL3\Final\store-simulator-main\V2\StoreTests\bin\Debug\net9.0\StoreTests.dll" adapterTypeName="executor://xunit/VsTestRunner3/netcore/" className="Tests" name="Cart: addItem respects large quantities" />
    </UnitTest>
    <UnitTest name="Tests.CartJson: cartToJson and loadCartFromJson roundtrip" storage="d:\fcaih\level04\semester01\pl3\final\store-simulator-main\v2\storetests\bin\debug\net9.0\storetests.dll" id="4f8643a4-5255-fc44-ceb5-f500424122f3">
      <Execution id="3e98dc03-d368-4cff-b716-4063b6e29030" />
      <TestMethod codeBase="D:\FCAIH\Level04\Semester01\PL3\Final\store-simulator-main\V2\StoreTests\bin\Debug\net9.0\StoreTests.dll" adapterTypeName="executor://xunit/VsTestRunner3/netcore/" className="Tests" name="CartJson: cartToJson and loadCartFromJson roundtrip" />
    </UnitTest>
    <UnitTest name="Tests.BackupManager: tryGetLatestBackup returns None if no backups" storage="d:\fcaih\level04\semester01\pl3\final\store-simulator-main\v2\storetests\bin\debug\net9.0\storetests.dll" id="5cc869c9-2c79-5b3e-0220-efd1f9a245b6">
      <Execution id="d6066fc9-7d58-426c-aaa9-140798402eb5" />
      <TestMethod codeBase="D:\FCAIH\Level04\Semester01\PL3\Final\store-simulator-main\V2\StoreTests\bin\Debug\net9.0\StoreTests.dll" adapterTypeName="executor://xunit/VsTestRunner3/netcore/" className="Tests" name="BackupManager: tryGetLatestBackup returns None if no backups" />
    </UnitTest>
    <UnitTest name="Tests.PriceCalculator: calculateCheckoutTotal with zero discount" storage="d:\fcaih\level04\semester01\pl3\final\store-simulator-main\v2\storetests\bin\debug\net9.0\storetests.dll" id="dc87d56f-1bd4-d578-d194-aec36a6486aa">
      <Execution id="c174aca8-f766-4f19-97e8-79a0873c378d" />
      <TestMethod codeBase="D:\FCAIH\Level04\Semester01\PL3\Final\store-simulator-main\V2\StoreTests\bin\Debug\net9.0\StoreTests.dll" adapterTypeName="executor://xunit/VsTestRunner3/netcore/" className="Tests" name="PriceCalculator: calculateCheckoutTotal with zero discount" />
    </UnitTest>
    <UnitTest name="Tests.Catalog: filterByPriceRange returns empty for invalid range" storage="d:\fcaih\level04\semester01\pl3\final\store-simulator-main\v2\storetests\bin\debug\net9.0\storetests.dll" id="c1990931-fbb6-1a32-3868-f81e575eeb39">
      <Execution id="54044e15-b47b-4ef6-813a-77d3b7adbac5" />
      <TestMethod codeBase="D:\FCAIH\Level04\Semester01\PL3\Final\store-simulator-main\V2\StoreTests\bin\Debug\net9.0\StoreTests.dll" adapterTypeName="executor://xunit/VsTestRunner3/netcore/" className="Tests" name="Catalog: filterByPriceRange returns empty for invalid range" />
    </UnitTest>
    <UnitTest name="Tests.Cart: removeFromCart works" storage="d:\fcaih\level04\semester01\pl3\final\store-simulator-main\v2\storetests\bin\debug\net9.0\storetests.dll" id="ea5b7e71-ee7f-437d-f567-75e06e1662a9">
      <Execution id="487d6099-5447-423a-8d91-3d4bc0675414" />
      <TestMethod codeBase="D:\FCAIH\Level04\Semester01\PL3\Final\store-simulator-main\V2\StoreTests\bin\Debug\net9.0\StoreTests.dll" adapterTypeName="executor://xunit/VsTestRunner3/netcore/" className="Tests" name="Cart: removeFromCart works" />
    </UnitTest>
    <UnitTest name="Tests.Cart: removeFromCart non-existing product does nothing" storage="d:\fcaih\level04\semester01\pl3\final\store-simulator-main\v2\storetests\bin\debug\net9.0\storetests.dll" id="7127e85e-4db6-c2fe-d678-b2ac3e27096d">
      <Execution id="c371b910-a12f-46c2-97b7-7bb996378e1a" />
      <TestMethod codeBase="D:\FCAIH\Level04\Semester01\PL3\Final\store-simulator-main\V2\StoreTests\bin\Debug\net9.0\StoreTests.dll" adapterTypeName="executor://xunit/VsTestRunner3/netcore/" className="Tests" name="Cart: removeFromCart non-existing product does nothing" />
    </UnitTest>
    <UnitTest name="Tests.Pricing: 100 percent discount returns zero" storage="d:\fcaih\level04\semester01\pl3\final\store-simulator-main\v2\storetests\bin\debug\net9.0\storetests.dll" id="c057c37f-9f2f-f179-a969-27e6e408162f">
      <Execution id="ca89f5c7-ad75-463d-9a02-221f59d27cea" />
      <TestMethod codeBase="D:\FCAIH\Level04\Semester01\PL3\Final\store-simulator-main\V2\StoreTests\bin\Debug\net9.0\StoreTests.dll" adapterTypeName="executor://xunit/VsTestRunner3/netcore/" className="Tests" name="Pricing: 100 percent discount returns zero" />
    </UnitTest>
    <UnitTest name="Tests.BackupManager: deleteBackup on non-existing file does not crash" storage="d:\fcaih\level04\semester01\pl3\final\store-simulator-main\v2\storetests\bin\debug\net9.0\storetests.dll" id="454b066e-b1b7-2ea4-0848-d2ca3c89dd99">
      <Execution id="3f887864-9357-4aef-868f-aca68879b9fd" />
      <TestMethod codeBase="D:\FCAIH\Level04\Semester01\PL3\Final\store-simulator-main\V2\StoreTests\bin\Debug\net9.0\StoreTests.dll" adapterTypeName="executor://xunit/VsTestRunner3/netcore/" className="Tests" name="BackupManager: deleteBackup on non-existing file does not crash" />
    </UnitTest>
    <UnitTest name="Tests.Cart: updateQuantity negative quantity removes item" storage="d:\fcaih\level04\semester01\pl3\final\store-simulator-main\v2\storetests\bin\debug\net9.0\storetests.dll" id="2569d79c-01e5-07b9-c16b-82e5aab3c385">
      <Execution id="6c14931b-f52a-410f-ac2f-bf02012182d9" />
      <TestMethod codeBase="D:\FCAIH\Level04\Semester01\PL3\Final\store-simulator-main\V2\StoreTests\bin\Debug\net9.0\StoreTests.dll" adapterTypeName="executor://xunit/VsTestRunner3/netcore/" className="Tests" name="Cart: updateQuantity negative quantity removes item" />
    </UnitTest>
    <UnitTest name="Tests.Catalog: filterByPriceRange returns correct range" storage="d:\fcaih\level04\semester01\pl3\final\store-simulator-main\v2\storetests\bin\debug\net9.0\storetests.dll" id="825b9e57-88ad-6486-e0f5-babed8f2eef7">
      <Execution id="c3f09e4a-03f8-4ff4-9d52-ae802a7df490" />
      <TestMethod codeBase="D:\FCAIH\Level04\Semester01\PL3\Final\store-simulator-main\V2\StoreTests\bin\Debug\net9.0\StoreTests.dll" adapterTypeName="executor://xunit/VsTestRunner3/netcore/" className="Tests" name="Catalog: filterByPriceRange returns correct range" />
    </UnitTest>
    <UnitTest name="Tests.CartJson: cartToJsonPretty returns valid JSON" storage="d:\fcaih\level04\semester01\pl3\final\store-simulator-main\v2\storetests\bin\debug\net9.0\storetests.dll" id="8a7d9b7d-2a9f-58e8-334a-33fdcb693ea0">
      <Execution id="5c9e2e28-388c-479c-8d11-4bf9ba4e65ee" />
      <TestMethod codeBase="D:\FCAIH\Level04\Semester01\PL3\Final\store-simulator-main\V2\StoreTests\bin\Debug\net9.0\StoreTests.dll" adapterTypeName="executor://xunit/VsTestRunner3/netcore/" className="Tests" name="CartJson: cartToJsonPretty returns valid JSON" />
    </UnitTest>
    <UnitTest name="Tests.Catalog: filterByCategory is case-insensitive" storage="d:\fcaih\level04\semester01\pl3\final\store-simulator-main\v2\storetests\bin\debug\net9.0\storetests.dll" id="b2acef88-6bc0-fc46-e257-63d77df47482">
      <Execution id="cc5748cf-aece-471b-9088-98f01a8a9406" />
      <TestMethod codeBase="D:\FCAIH\Level04\Semester01\PL3\Final\store-simulator-main\V2\StoreTests\bin\Debug\net9.0\StoreTests.dll" adapterTypeName="executor://xunit/VsTestRunner3/netcore/" className="Tests" name="Catalog: filterByCategory is case-insensitive" />
    </UnitTest>
    <UnitTest name="Tests.CartJson: loadCartFromJson invalid json returns empty cart" storage="d:\fcaih\level04\semester01\pl3\final\store-simulator-main\v2\storetests\bin\debug\net9.0\storetests.dll" id="21850389-0714-4f7b-970a-fb310b7f49b9">
      <Execution id="84a36a62-48eb-4102-8fad-a36b32a36aa6" />
      <TestMethod codeBase="D:\FCAIH\Level04\Semester01\PL3\Final\store-simulator-main\V2\StoreTests\bin\Debug\net9.0\StoreTests.dll" adapterTypeName="executor://xunit/VsTestRunner3/netcore/" className="Tests" name="CartJson: loadCartFromJson invalid json returns empty cart" />
    </UnitTest>
    <UnitTest name="Tests.Cart: updateQuantity removes item if zero" storage="d:\fcaih\level04\semester01\pl3\final\store-simulator-main\v2\storetests\bin\debug\net9.0\storetests.dll" id="cdff8e37-9ba6-4dba-525e-7f0e61017851">
      <Execution id="855291f7-2448-4727-b917-bb66424c7483" />
      <TestMethod codeBase="D:\FCAIH\Level04\Semester01\PL3\Final\store-simulator-main\V2\StoreTests\bin\Debug\net9.0\StoreTests.dll" adapterTypeName="executor://xunit/VsTestRunner3/netcore/" className="Tests" name="Cart: updateQuantity removes item if zero" />
    </UnitTest>
    <UnitTest name="Tests.BackupManager: deleteAllBackups on empty folder does not crash" storage="d:\fcaih\level04\semester01\pl3\final\store-simulator-main\v2\storetests\bin\debug\net9.0\storetests.dll" id="3b707e39-888a-a282-249d-72b0b6a749f5">
      <Execution id="99e5986d-a7bb-4d57-b3c5-11eaae5d0a40" />
      <TestMethod codeBase="D:\FCAIH\Level04\Semester01\PL3\Final\store-simulator-main\V2\StoreTests\bin\Debug\net9.0\StoreTests.dll" adapterTypeName="executor://xunit/VsTestRunner3/netcore/" className="Tests" name="BackupManager: deleteAllBackups on empty folder does not crash" />
    </UnitTest>
    <UnitTest name="Tests.Catalog: findById returns correct product" storage="d:\fcaih\level04\semester01\pl3\final\store-simulator-main\v2\storetests\bin\debug\net9.0\storetests.dll" id="3d87f6dd-ca5f-4939-9398-746234780a54">
      <Execution id="a13ce5be-aa7f-4c7b-8112-8fd6fb4c1abe" />
      <TestMethod codeBase="D:\FCAIH\Level04\Semester01\PL3\Final\store-simulator-main\V2\StoreTests\bin\Debug\net9.0\StoreTests.dll" adapterTypeName="executor://xunit/VsTestRunner3/netcore/" className="Tests" name="Catalog: findById returns correct product" />
    </UnitTest>
    <UnitTest name="Tests.BackupManager: create and restore backup works" storage="d:\fcaih\level04\semester01\pl3\final\store-simulator-main\v2\storetests\bin\debug\net9.0\storetests.dll" id="5d0f5114-91c0-e288-2544-a17ccf066cd2">
      <Execution id="0b21d2d8-ccd9-4f36-bea1-b4b54e01d281" />
      <TestMethod codeBase="D:\FCAIH\Level04\Semester01\PL3\Final\store-simulator-main\V2\StoreTests\bin\Debug\net9.0\StoreTests.dll" adapterTypeName="executor://xunit/VsTestRunner3/netcore/" className="Tests" name="BackupManager: create and restore backup works" />
    </UnitTest>
    <UnitTest name="Tests.CartJson: save and load cart from file" storage="d:\fcaih\level04\semester01\pl3\final\store-simulator-main\v2\storetests\bin\debug\net9.0\storetests.dll" id="a25125d9-0592-afab-15ea-1dda155ed196">
      <Execution id="34aec8cc-3e33-43c9-8dba-d5880854c680" />
      <TestMethod codeBase="D:\FCAIH\Level04\Semester01\PL3\Final\store-simulator-main\V2\StoreTests\bin\Debug\net9.0\StoreTests.dll" adapterTypeName="executor://xunit/VsTestRunner3/netcore/" className="Tests" name="CartJson: save and load cart from file" />
    </UnitTest>
    <UnitTest name="Tests.Cart: clearCart empties cart" storage="d:\fcaih\level04\semester01\pl3\final\store-simulator-main\v2\storetests\bin\debug\net9.0\storetests.dll" id="5d4dbc0e-6a78-d68b-0289-6f648193ff57">
      <Execution id="0e3a867b-4c3a-4bc6-9211-2d2b5933642e" />
      <TestMethod codeBase="D:\FCAIH\Level04\Semester01\PL3\Final\store-simulator-main\V2\StoreTests\bin\Debug\net9.0\StoreTests.dll" adapterTypeName="executor://xunit/VsTestRunner3/netcore/" className="Tests" name="Cart: clearCart empties cart" />
    </UnitTest>
    <UnitTest name="Tests.Pricing: zero discount returns same total" storage="d:\fcaih\level04\semester01\pl3\final\store-simulator-main\v2\storetests\bin\debug\net9.0\storetests.dll" id="21b01318-07fa-458a-fe83-def8e2be063c">
      <Execution id="97019135-8dd7-49fb-bd5f-292975df69a1" />
      <TestMethod codeBase="D:\FCAIH\Level04\Semester01\PL3\Final\store-simulator-main\V2\StoreTests\bin\Debug\net9.0\StoreTests.dll" adapterTypeName="executor://xunit/VsTestRunner3/netcore/" className="Tests" name="Pricing: zero discount returns same total" />
    </UnitTest>
    <UnitTest name="Tests.Cart: adding zero or negative quantity does nothing" storage="d:\fcaih\level04\semester01\pl3\final\store-simulator-main\v2\storetests\bin\debug\net9.0\storetests.dll" id="e622ea64-f2ce-8651-5595-e114842df35c">
      <Execution id="f4ba757b-0ec5-48f3-9a6f-152d56bc31ae" />
      <TestMethod codeBase="D:\FCAIH\Level04\Semester01\PL3\Final\store-simulator-main\V2\StoreTests\bin\Debug\net9.0\StoreTests.dll" adapterTypeName="executor://xunit/VsTestRunner3/netcore/" className="Tests" name="Cart: adding zero or negative quantity does nothing" />
    </UnitTest>
    <UnitTest name="Tests.Catalog: filterByCategory returns correct category" storage="d:\fcaih\level04\semester01\pl3\final\store-simulator-main\v2\storetests\bin\debug\net9.0\storetests.dll" id="ea4b5b6c-dc39-44da-062f-76e6c1ee81e1">
      <Execution id="c565aed5-633d-4a30-80c5-c7c10f591741" />
      <TestMethod codeBase="D:\FCAIH\Level04\Semester01\PL3\Final\store-simulator-main\V2\StoreTests\bin\Debug\net9.0\StoreTests.dll" adapterTypeName="executor://xunit/VsTestRunner3/netcore/" className="Tests" name="Catalog: filterByCategory returns correct category" />
    </UnitTest>
    <UnitTest name="Tests.Catalog: searchByName returns empty for unmatched keyword" storage="d:\fcaih\level04\semester01\pl3\final\store-simulator-main\v2\storetests\bin\debug\net9.0\storetests.dll" id="670741c7-a6b9-5554-864f-e959fae133cf">
      <Execution id="c4a22d92-14b2-4a5e-860d-da7d2bde7e2f" />
      <TestMethod codeBase="D:\FCAIH\Level04\Semester01\PL3\Final\store-simulator-main\V2\StoreTests\bin\Debug\net9.0\StoreTests.dll" adapterTypeName="executor://xunit/VsTestRunner3/netcore/" className="Tests" name="Catalog: searchByName returns empty for unmatched keyword" />
    </UnitTest>
    <UnitTest name="Tests.Cart: adding non-existing product does nothing" storage="d:\fcaih\level04\semester01\pl3\final\store-simulator-main\v2\storetests\bin\debug\net9.0\storetests.dll" id="ff540e21-c664-4ec7-7243-0d2ab39dd863">
      <Execution id="0c2d2e6a-6efb-4160-81c8-b7b67d0a929d" />
      <TestMethod codeBase="D:\FCAIH\Level04\Semester01\PL3\Final\store-simulator-main\V2\StoreTests\bin\Debug\net9.0\StoreTests.dll" adapterTypeName="executor://xunit/VsTestRunner3/netcore/" className="Tests" name="Cart: adding non-existing product does nothing" />
    </UnitTest>
    <UnitTest name="Tests.CartJson: loadCartFromJson empty json returns empty cart" storage="d:\fcaih\level04\semester01\pl3\final\store-simulator-main\v2\storetests\bin\debug\net9.0\storetests.dll" id="aea217e5-0f00-b735-cbcf-e26e1a053a0c">
      <Execution id="6137400c-37f3-47a2-b7ec-fa9beb82f4ad" />
      <TestMethod codeBase="D:\FCAIH\Level04\Semester01\PL3\Final\store-simulator-main\V2\StoreTests\bin\Debug\net9.0\StoreTests.dll" adapterTypeName="executor://xunit/VsTestRunner3/netcore/" className="Tests" name="CartJson: loadCartFromJson empty json returns empty cart" />
    </UnitTest>
    <UnitTest name="Tests.Cart: updateQuantity changes quantity" storage="d:\fcaih\level04\semester01\pl3\final\store-simulator-main\v2\storetests\bin\debug\net9.0\storetests.dll" id="5bf969e8-eb27-21ed-ce06-c05c195f984b">
      <Execution id="e2ca7a7d-0058-4c61-b9ce-99574fa8a5e8" />
      <TestMethod codeBase="D:\FCAIH\Level04\Semester01\PL3\Final\store-simulator-main\V2\StoreTests\bin\Debug\net9.0\StoreTests.dll" adapterTypeName="executor://xunit/VsTestRunner3/netcore/" className="Tests" name="Cart: updateQuantity changes quantity" />
    </UnitTest>
    <UnitTest name="Tests.Pricing: multiple sequential discounts calculate correctly" storage="d:\fcaih\level04\semester01\pl3\final\store-simulator-main\v2\storetests\bin\debug\net9.0\storetests.dll" id="c493c5d5-233a-85c1-9ed9-c916d8b5c33f">
      <Execution id="eba6a96f-7b93-48e7-88ea-dc4106e87fb0" />
      <TestMethod codeBase="D:\FCAIH\Level04\Semester01\PL3\Final\store-simulator-main\V2\StoreTests\bin\Debug\net9.0\StoreTests.dll" adapterTypeName="executor://xunit/VsTestRunner3/netcore/" className="Tests" name="Pricing: multiple sequential discounts calculate correctly" />
    </UnitTest>
    <UnitTest name="Tests.Cart: addItem increases quantity" storage="d:\fcaih\level04\semester01\pl3\final\store-simulator-main\v2\storetests\bin\debug\net9.0\storetests.dll" id="0b81e5e7-1c4f-e092-62f1-ed50b70d71a8">
      <Execution id="fb888fb4-0205-47af-b820-0d553f3244f6" />
      <TestMethod codeBase="D:\FCAIH\Level04\Semester01\PL3\Final\store-simulator-main\V2\StoreTests\bin\Debug\net9.0\StoreTests.dll" adapterTypeName="executor://xunit/VsTestRunner3/netcore/" className="Tests" name="Cart: addItem increases quantity" />
    </UnitTest>
    <UnitTest name="Tests.Cart: applyPercentageDiscount applies correctly" storage="d:\fcaih\level04\semester01\pl3\final\store-simulator-main\v2\storetests\bin\debug\net9.0\storetests.dll" id="17af4936-0b8b-260e-4e45-02858caaeccb">
      <Execution id="29069e5b-222c-4a19-9884-07a4ecd815d3" />
      <TestMethod codeBase="D:\FCAIH\Level04\Semester01\PL3\Final\store-simulator-main\V2\StoreTests\bin\Debug\net9.0\StoreTests.dll" adapterTypeName="executor://xunit/VsTestRunner3/netcore/" className="Tests" name="Cart: applyPercentageDiscount applies correctly" />
    </UnitTest>
    <UnitTest name="Tests.Cart: getTotalPrice calculates correctly" storage="d:\fcaih\level04\semester01\pl3\final\store-simulator-main\v2\storetests\bin\debug\net9.0\storetests.dll" id="4760ac49-eb1f-489f-8fe1-95b57205a54f">
      <Execution id="0a8186c2-5e6b-410d-9f01-e970e1f9a462" />
      <TestMethod codeBase="D:\FCAIH\Level04\Semester01\PL3\Final\store-simulator-main\V2\StoreTests\bin\Debug\net9.0\StoreTests.dll" adapterTypeName="executor://xunit/VsTestRunner3/netcore/" className="Tests" name="Cart: getTotalPrice calculates correctly" />
    </UnitTest>
  </TestDefinitions>
  <TestEntries>
    <TestEntry testId="b2acef88-6bc0-fc46-e257-63d77df47482" executionId="cc5748cf-aece-471b-9088-98f01a8a9406" testListId="8c84fa94-04c1-424b-9868-57a2d4851a1d" />
    <TestEntry testId="c057c37f-9f2f-f179-a969-27e6e408162f" executionId="ca89f5c7-ad75-463d-9a02-221f59d27cea" testListId="8c84fa94-04c1-424b-9868-57a2d4851a1d" />
    <TestEntry testId="ea5b7e71-ee7f-437d-f567-75e06e1662a9" executionId="487d6099-5447-423a-8d91-3d4bc0675414" testListId="8c84fa94-04c1-424b-9868-57a2d4851a1d" />
    <TestEntry testId="3b707e39-888a-a282-249d-72b0b6a749f5" executionId="99e5986d-a7bb-4d57-b3c5-11eaae5d0a40" testListId="8c84fa94-04c1-424b-9868-57a2d4851a1d" />
    <TestEntry testId="ff540e21-c664-4ec7-7243-0d2ab39dd863" executionId="0c2d2e6a-6efb-4160-81c8-b7b67d0a929d" testListId="8c84fa94-04c1-424b-9868-57a2d4851a1d" />
    <TestEntry testId="454b066e-b1b7-2ea4-0848-d2ca3c89dd99" executionId="3f887864-9357-4aef-868f-aca68879b9fd" testListId="8c84fa94-04c1-424b-9868-57a2d4851a1d" />
    <TestEntry testId="670741c7-a6b9-5554-864f-e959fae133cf" executionId="c4a22d92-14b2-4a5e-860d-da7d2bde7e2f" testListId="8c84fa94-04c1-424b-9868-57a2d4851a1d" />
    <TestEntry testId="aea217e5-0f00-b735-cbcf-e26e1a053a0c" executionId="6137400c-37f3-47a2-b7ec-fa9beb82f4ad" testListId="8c84fa94-04c1-424b-9868-57a2d4851a1d" />
    <TestEntry testId="5cc869c9-2c79-5b3e-0220-efd1f9a245b6" executionId="d6066fc9-7d58-426c-aaa9-140798402eb5" testListId="8c84fa94-04c1-424b-9868-57a2d4851a1d" />
    <TestEntry testId="4f8643a4-5255-fc44-ceb5-f500424122f3" executionId="3e98dc03-d368-4cff-b716-4063b6e29030" testListId="8c84fa94-04c1-424b-9868-57a2d4851a1d" />
    <TestEntry testId="3d87f6dd-ca5f-4939-9398-746234780a54" executionId="a13ce5be-aa7f-4c7b-8112-8fd6fb4c1abe" testListId="8c84fa94-04c1-424b-9868-57a2d4851a1d" />
    <TestEntry testId="c493c5d5-233a-85c1-9ed9-c916d8b5c33f" executionId="eba6a96f-7b93-48e7-88ea-dc4106e87fb0" testListId="8c84fa94-04c1-424b-9868-57a2d4851a1d" />
    <TestEntry testId="63e27b7f-7ea7-bb70-b90b-92b7116440b1" executionId="64e5b85a-cb53-4021-a232-73231c1d3528" testListId="8c84fa94-04c1-424b-9868-57a2d4851a1d" />
    <TestEntry testId="e622ea64-f2ce-8651-5595-e114842df35c" executionId="f4ba757b-0ec5-48f3-9a6f-152d56bc31ae" testListId="8c84fa94-04c1-424b-9868-57a2d4851a1d" />
    <TestEntry testId="c0a55198-7616-af1a-a3b5-0db1cb0f6393" executionId="f090ff02-d954-46d2-970c-5c2277aac789" testListId="8c84fa94-04c1-424b-9868-57a2d4851a1d" />
    <TestEntry testId="2569d79c-01e5-07b9-c16b-82e5aab3c385" executionId="6c14931b-f52a-410f-ac2f-bf02012182d9" testListId="8c84fa94-04c1-424b-9868-57a2d4851a1d" />
    <TestEntry testId="ea4b5b6c-dc39-44da-062f-76e6c1ee81e1" executionId="c565aed5-633d-4a30-80c5-c7c10f591741" testListId="8c84fa94-04c1-424b-9868-57a2d4851a1d" />
    <TestEntry testId="b73da5b9-db7b-822a-abce-0a70bdd44323" executionId="7a8b8ce7-8ed3-4e82-9d04-764f3164ac98" testListId="8c84fa94-04c1-424b-9868-57a2d4851a1d" />
    <TestEntry testId="c1990931-fbb6-1a32-3868-f81e575eeb39" executionId="54044e15-b47b-4ef6-813a-77d3b7adbac5" testListId="8c84fa94-04c1-424b-9868-57a2d4851a1d" />
    <TestEntry testId="dc87d56f-1bd4-d578-d194-aec36a6486aa" executionId="c174aca8-f766-4f19-97e8-79a0873c378d" testListId="8c84fa94-04c1-424b-9868-57a2d4851a1d" />
    <TestEntry testId="9c5d91b9-840b-b762-bda9-9ca55286f3e0" executionId="149dd7b0-ae82-41c0-9f7b-50fbf127c60c" testListId="8c84fa94-04c1-424b-9868-57a2d4851a1d" />
    <TestEntry testId="7127e85e-4db6-c2fe-d678-b2ac3e27096d" executionId="c371b910-a12f-46c2-97b7-7bb996378e1a" testListId="8c84fa94-04c1-424b-9868-57a2d4851a1d" />
    <TestEntry testId="a25125d9-0592-afab-15ea-1dda155ed196" executionId="34aec8cc-3e33-43c9-8dba-d5880854c680" testListId="8c84fa94-04c1-424b-9868-57a2d4851a1d" />
    <TestEntry testId="e9fc5045-7a75-bd5b-bfc7-ec96ac61bc45" executionId="df3804d6-95e2-462c-aed4-1b18161a68c3" testListId="8c84fa94-04c1-424b-9868-57a2d4851a1d" />
    <TestEntry testId="5d4dbc0e-6a78-d68b-0289-6f648193ff57" executionId="0e3a867b-4c3a-4bc6-9211-2d2b5933642e" testListId="8c84fa94-04c1-424b-9868-57a2d4851a1d" />
    <TestEntry testId="4760ac49-eb1f-489f-8fe1-95b57205a54f" executionId="0a8186c2-5e6b-410d-9f01-e970e1f9a462" testListId="8c84fa94-04c1-424b-9868-57a2d4851a1d" />
    <TestEntry testId="825b9e57-88ad-6486-e0f5-babed8f2eef7" executionId="c3f09e4a-03f8-4ff4-9d52-ae802a7df490" testListId="8c84fa94-04c1-424b-9868-57a2d4851a1d" />
    <TestEntry testId="5d0f5114-91c0-e288-2544-a17ccf066cd2" executionId="0b21d2d8-ccd9-4f36-bea1-b4b54e01d281" testListId="8c84fa94-04c1-424b-9868-57a2d4851a1d" />
    <TestEntry testId="0b81e5e7-1c4f-e092-62f1-ed50b70d71a8" executionId="fb888fb4-0205-47af-b820-0d553f3244f6" testListId="8c84fa94-04c1-424b-9868-57a2d4851a1d" />
    <TestEntry testId="21850389-0714-4f7b-970a-fb310b7f49b9" executionId="84a36a62-48eb-4102-8fad-a36b32a36aa6" testListId="8c84fa94-04c1-424b-9868-57a2d4851a1d" />
    <TestEntry testId="17af4936-0b8b-260e-4e45-02858caaeccb" executionId="29069e5b-222c-4a19-9884-07a4ecd815d3" testListId="8c84fa94-04c1-424b-9868-57a2d4851a1d" />
    <TestEntry testId="21b01318-07fa-458a-fe83-def8e2be063c" executionId="97019135-8dd7-49fb-bd5f-292975df69a1" testListId="8c84fa94-04c1-424b-9868-57a2d4851a1d" />
    <TestEntry testId="5bf969e8-eb27-21ed-ce06-c05c195f984b" executionId="e2ca7a7d-0058-4c61-b9ce-99574fa8a5e8" testListId="8c84fa94-04c1-424b-9868-57a2d4851a1d" />
    <TestEntry testId="cdff8e37-9ba6-4dba-525e-7f0e61017851" executionId="855291f7-2448-4727-b917-bb66424c7483" testListId="8c84fa94-04c1-424b-9868-57a2d4851a1d" />
    <TestEntry testId="8a7d9b7d-2a9f-58e8-334a-33fdcb693ea0" executionId="5c9e2e28-388c-479c-8d11-4bf9ba4e65ee" testListId="8c84fa94-04c1-424b-9868-57a2d4851a1d" />
  </TestEntries>
  <TestLists>
    <TestList name="Results Not in a List" id="8c84fa94-04c1-424b-9868-57a2d4851a1d" />
    <TestList name="All Loaded Results" id="19431567-8539-422a-85d7-44ee4e166bda" />
  </TestLists>
  <ResultSummary outcome="Completed">
    <Counters total="35" executed="35" passed="35" failed="0" error="0" timeout="0" aborted="0" inconclusive="0" passedButRunAborted="0" notRunnable="0" notExecuted="0" disconnected="0" warning="0" completed="0" inProgress="0" pending="0" />
    <Output>
      <StdOut>[xUnit.net 00:00:00.00] xUnit.net VSTest Adapter v3.1.4+50e68bbb8b (64-bit .NET 9.0.8)&#xD;
[xUnit.net 00:00:00.17]   Discovering: StoreTests&#xD;
[xUnit.net 00:00:00.26]   Discovered:  StoreTests&#xD;
[xUnit.net 00:00:00.31]   Starting:    StoreTests&#xD;
[xUnit.net 00:00:02.45]   Finished:    StoreTests&#xD;
</StdOut>
    </Output>
  </ResultSummary>
</TestRun>